Component: ARM Compiler 5.06 update 1 (build 61) Tool: armlink [4d35a8]

==============================================================================

Section Cross References

    sam7.o(STACK) refers (Special) to heapauxi.o(.text) for __use_two_region_memory
    sam7.o(HEAP) refers (Special) to heapauxi.o(.text) for __use_two_region_memory
    sam7.o(RESET) refers (Special) to heapauxi.o(.text) for __use_two_region_memory
    sam7.o(RESET) refers to sam7.o(STACK) for Stack_Top
    sam7.o(RESET) refers to __main.o(!!!main) for __main
    sam7.o(.text) refers (Special) to heapauxi.o(.text) for __use_two_region_memory
    sam7.o(.text) refers to sam7.o(HEAP) for Heap_Mem
    sam7.o(.text) refers to sam7.o(STACK) for Stack_Mem
    adc2.o(i.addCharacter) refers to adc2.o(.data) for counter
    adc2.o(i.addCharacter) refers to adc2.o(.bss) for buffer
    adc2.o(i.blink) refers to adc2.o(i.delay0) for delay0
    adc2.o(i.itoa) refers to aeabi_sdiv.o(.text) for __aeabi_idivmod
    adc2.o(i.main) refers to _printf_percent.o(.ARM.Collect$$_printf_percent$$00000000) for _printf_percent
    adc2.o(i.main) refers to _printf_d.o(.ARM.Collect$$_printf_percent$$00000009) for _printf_d
    adc2.o(i.main) refers to _printf_dec.o(.text) for _printf_int_dec
    adc2.o(i.main) refers to _printf_f.o(.ARM.Collect$$_printf_percent$$00000003) for _printf_f
    adc2.o(i.main) refers to printf1.o(x$fpl$printf1) for _printf_fp_dec
    adc2.o(i.main) refers to adc2.o(i.setup) for setup
    adc2.o(i.main) refers to adc2.o(i.putString) for putString
    adc2.o(i.main) refers to adc2.o(i.blink) for blink
    adc2.o(i.main) refers to adc2.o(i.delay0) for delay0
    adc2.o(i.main) refers to adc2.o(i.hasRecived) for hasRecived
    adc2.o(i.main) refers to adc2.o(i.get_char) for get_char
    adc2.o(i.main) refers to adc2.o(i.put_char) for put_char
    adc2.o(i.main) refers to adc2.o(i.addCharacter) for addCharacter
    adc2.o(i.main) refers to atoi.o(.text) for atoi
    adc2.o(i.main) refers to noretval__2sprintf.o(.text) for __2sprintf
    adc2.o(i.main) refers to dflt_noclz.o(x$fpl$dflt) for __aeabi_i2d
    adc2.o(i.main) refers to dmul.o(x$fpl$dmul) for __aeabi_dmul
    adc2.o(i.main) refers to daddsub_noclz.o(x$fpl$dadd) for __aeabi_dadd
    adc2.o(i.main) refers to ddiv.o(x$fpl$ddiv) for __aeabi_ddiv
    adc2.o(i.main) refers to daddsub_noclz.o(x$fpl$drsb) for __aeabi_drsub
    adc2.o(i.main) refers to sqrt.o(i.sqrt) for sqrt
    adc2.o(i.main) refers to adc2.o(.data) for ADC_LCDR
    adc2.o(i.putString) refers to adc2.o(i.put_char) for put_char
    __2sprintf.o(.text) refers to _printf_char_common.o(.text) for _printf_char_common
    __2sprintf.o(.text) refers to _sputc.o(.text) for _sputc
    noretval__2sprintf.o(.text) refers to _printf_char_common.o(.text) for _printf_char_common
    noretval__2sprintf.o(.text) refers to _sputc.o(.text) for _sputc
    __printf.o(.text) refers to __printf.o(i.__ARM_common_call_via_r1) for __ARM_common_call_via_r1
    __printf.o(.text) refers to _printf_percent.o(.ARM.Collect$$_printf_percent$$00000000) for _printf_percent
    __printf.o(.text) refers to __printf.o(i.__ARM_common_call_via_r2) for __ARM_common_call_via_r2
    _printf_dec.o(.text) refers to rtudiv10.o(.text) for __rt_udiv10
    _printf_dec.o(.text) refers to _printf_intcommon.o(.text) for _printf_int_common
    __printf_flags.o(.text) refers to __printf.o(i.__ARM_common_call_via_r1) for __ARM_common_call_via_r1
    __printf_flags.o(.text) refers to _printf_percent.o(.ARM.Collect$$_printf_percent$$00000000) for _printf_percent
    __printf_flags.o(.text) refers to __printf.o(i.__ARM_common_call_via_r2) for __ARM_common_call_via_r2
    __printf_flags.o(.text) refers to __printf_flags.o(.constdata) for .constdata
    __printf_ss.o(.text) refers to __printf.o(i.__ARM_common_call_via_r1) for __ARM_common_call_via_r1
    __printf_ss.o(.text) refers to _printf_percent.o(.ARM.Collect$$_printf_percent$$00000000) for _printf_percent
    __printf_ss.o(.text) refers to __printf.o(i.__ARM_common_call_via_r2) for __ARM_common_call_via_r2
    __printf_flags_ss.o(.text) refers to __printf.o(i.__ARM_common_call_via_r1) for __ARM_common_call_via_r1
    __printf_flags_ss.o(.text) refers to _printf_percent.o(.ARM.Collect$$_printf_percent$$00000000) for _printf_percent
    __printf_flags_ss.o(.text) refers to __printf.o(i.__ARM_common_call_via_r2) for __ARM_common_call_via_r2
    __printf_flags_ss.o(.text) refers to __printf_flags_ss.o(.constdata) for .constdata
    __printf_wp.o(.text) refers to __printf.o(i.__ARM_common_call_via_r1) for __ARM_common_call_via_r1
    __printf_wp.o(.text) refers to __printf_wp.o(i._is_digit) for _is_digit
    __printf_wp.o(.text) refers to _printf_percent.o(.ARM.Collect$$_printf_percent$$00000000) for _printf_percent
    __printf_wp.o(.text) refers to __printf.o(i.__ARM_common_call_via_r2) for __ARM_common_call_via_r2
[...]
    __rtentry.o(.ARM.Collect$$rtentry$$00000000) refers (Special) to __rtentry2.o(.ARM.Collect$$rtentry$$0000000A) for __rt_entry_li
    __rtentry.o(.ARM.Collect$$rtentry$$00000000) refers (Special) to __rtentry2.o(.ARM.Collect$$rtentry$$0000000D) for __rt_entry_main
    __rtentry.o(.ARM.Collect$$rtentry$$00000000) refers (Special) to __rtentry2.o(.ARM.Collect$$rtentry$$0000000C) for __rt_entry_postli_1
    __rtentry.o(.ARM.Collect$$rtentry$$00000000) refers (Special) to __rtentry2.o(.ARM.Collect$$rtentry$$00000009) for __rt_entry_postsh_1
    __rtentry.o(.ARM.Collect$$rtentry$$00000000) refers (Special) to __rtentry2.o(.ARM.Collect$$rtentry$$00000002) for __rt_entry_presh_1
    __rtentry.o(.ARM.Collect$$rtentry$$00000000) refers (Special) to __rtentry4.o(.ARM.Collect$$rtentry$$00000004) for __rt_entry_sh
    aeabi_idiv0_sigfpe.o(.text) refers to rt_div0.o(.text) for __rt_div0
    rt_errno_addr.o(.text) refers to rt_errno_addr.o(.bss) for __aeabi_errno_addr_data
    rt_errno_addr_intlibspace.o(.text) refers to libspace.o(.bss) for __libspace_start
    _rserrno.o(.text) refers to rt_errno_addr_intlibspace.o(.text) for __aeabi_errno_addr
    _printf_intcommon.o(.text) refers to __printf.o(i.__ARM_common_call_via_r2) for __ARM_common_call_via_r2
    _printf_fp_dec.o(.text) refers (Special) to usenofp.o(x$fpl$usenofp) for __I$use$fp
    _printf_fp_dec.o(.text) refers (Special) to lc_numeric_c.o(locale$$code) for _get_lc_numeric
    _printf_fp_dec.o(.text) refers to istatus.o(x$fpl$ieeestatus) for __ieee_status
    _printf_fp_dec.o(.text) refers to bigflt0.o(.text) for _btod_etento
    _printf_fp_dec.o(.text) refers to btod.o(CL$$btod_d2e) for _btod_d2e
    _printf_fp_dec.o(.text) refers to btod.o(CL$$btod_ediv) for _btod_ediv
    _printf_fp_dec.o(.text) refers to btod.o(CL$$btod_emul) for _btod_emul
    _printf_fp_dec.o(.text) refers to lludiv10.o(.text) for _ll_udiv10
    _printf_fp_dec.o(.text) refers to fpclassify.o(i.__ARM_fpclassify) for __ARM_fpclassify
    _printf_fp_dec.o(.text) refers to _printf_fp_infnan.o(.text) for _printf_fp_infnan
    _printf_fp_dec.o(.text) refers to rtudiv10.o(.text) for __rt_udiv10
    _printf_fp_dec.o(.text) refers to __printf.o(i.__ARM_common_call_via_r2) for __ARM_common_call_via_r2
    _printf_fp_dec.o(.text) refers to rt_locale_intlibspace.o(.text) for __rt_locale
    _printf_char_common.o(.text) refers to __printf_ss.o(.text) for __printf
    strtol.o(.text) refers to rt_ctype_table.o(.text) for __rt_ctype_table
    strtol.o(.text) refers to _strtoul.o(.text) for _strtoul
    strtol.o(.text) refers to rt_errno_addr_intlibspace.o(.text) for __aeabi_errno_addr
    dleqf.o(x$fpl$dleqf) refers (Special) to usenofp.o(x$fpl$usenofp) for __I$use$fp
    dleqf.o(x$fpl$dleqf) refers to dnaninf.o(x$fpl$dnaninf) for __fpl_dnaninf
    dleqf.o(x$fpl$dleqf) refers to dcmpi.o(x$fpl$dcmpinf) for __fpl_dcmp_Inf
    dnaninf.o(x$fpl$dnaninf) refers (Special) to usenofp.o(x$fpl$usenofp) for __I$use$fp
    dretinf.o(x$fpl$dretinf) refers (Special) to usenofp.o(x$fpl$usenofp) for __I$use$fp
    dsqrt_noumaal.o(x$fpl$dsqrt) refers (Special) to usenofp.o(x$fpl$usenofp) for __I$use$fp
    dsqrt_noumaal.o(x$fpl$dsqrt) refers to dnaninf.o(x$fpl$dnaninf) for __fpl_dnaninf
    libspace.o(.text) refers to libspace.o(.bss) for __libspace_start
    __rtentry2.o(.ARM.Collect$$rtentry$$00000008) refers to boardinit2.o(.text) for _platform_post_stackheap_init
    __rtentry2.o(.ARM.Collect$$rtentry$$0000000A) refers to libinit.o(.ARM.Collect$$libinit$$00000000) for __rt_lib_init
    __rtentry2.o(.ARM.Collect$$rtentry$$0000000B) refers to boardinit3.o(.text) for _platform_post_lib_init
    __rtentry2.o(.ARM.Collect$$rtentry$$0000000D) refers to exit.o(.text) for exit
    __rtentry2.o(.ARM.Collect$$rtentry$$0000000D) refers to adc2.o(i.main) for main
    __rtentry2.o(.ARM.exidx) refers to __rtentry2.o(.ARM.Collect$$rtentry$$00000001) for .ARM.Collect$$rtentry$$00000001
    __rtentry2.o(.ARM.exidx) refers to __rtentry2.o(.ARM.Collect$$rtentry$$00000008) for .ARM.Collect$$rtentry$$00000008
    __rtentry2.o(.ARM.exidx) refers to __rtentry2.o(.ARM.Collect$$rtentry$$0000000A) for .ARM.Collect$$rtentry$$0000000A
    __rtentry2.o(.ARM.exidx) refers to __rtentry2.o(.ARM.Collect$$rtentry$$0000000B) for .ARM.Collect$$rtentry$$0000000B
    __rtentry2.o(.ARM.exidx) refers to __rtentry2.o(.ARM.Collect$$rtentry$$0000000D) for .ARM.Collect$$rtentry$$0000000D
    __rtentry4.o(.ARM.Collect$$rtentry$$00000004) refers to sys_stackheap_outer.o(.text) for __user_setup_stackheap
    __rtentry4.o(.ARM.exidx) refers to __rtentry4.o(.ARM.Collect$$rtentry$$00000004) for .ARM.Collect$$rtentry$$00000004
    rt_ctype_table.o(.text) refers to rt_locale_intlibspace.o(.text) for __rt_locale
    rt_ctype_table.o(.text) refers to lc_ctype_c.o(locale$$code) for _get_lc_ctype
    rt_div0.o(.text) refers to defsig_fpe_outer.o(.text) for __rt_SIGFPE
    rt_locale.o(.text) refers to rt_locale.o(.bss) for __rt_locale_data
    rt_locale_intlibspace.o(.text) refers to libspace.o(.bss) for __libspace_start
    _printf_fp_infnan.o(.text) refers to __printf.o(i.__ARM_common_call_via_r2) for __ARM_common_call_via_r2
    __printf_nopercent.o(.text) refers to __printf_nopercent.o(i.__ARM_common_call_via_r7) for __ARM_common_call_via_r7
    __printf_nopercent.o(.text) refers to __printf_nopercent.o(i.__ARM_common_call_via_r5) for __ARM_common_call_via_r5
    _strtoul.o(.text) refers to _chval.o(.text) for _chval
    _strtoul.o(.text) refers to rt_errno_addr_intlibspace.o(.text) for __aeabi_errno_addr
    bigflt0.o(.text) refers (Special) to usenofp.o(x$fpl$usenofp) for __I$use$fp
    bigflt0.o(.text) refers to aeabi_sdiv.o(.text) for __aeabi_idivmod
    bigflt0.o(.text) refers to btod.o(CL$$btod_emul) for _btod_emul
    bigflt0.o(.text) refers to btod.o(CL$$btod_ediv) for _btod_ediv
    bigflt0.o(.text) refers to bigflt0.o(.constdata) for .constdata
    bigflt0.o(.constdata) refers (Special) to usenofp.o(x$fpl$usenofp) for __I$use$fp
    btod.o(CL$$btod_d2e) refers (Special) to usenofp.o(x$fpl$usenofp) for __I$use$fp
    btod.o(CL$$btod_d2e) refers to btod.o(CL$$btod_d2e_norm_op1) for _d2e_norm_op1
    btod.o(CL$$btod_d2e_norm_op1) refers (Special) to usenofp.o(x$fpl$usenofp) for __I$use$fp
    btod.o(CL$$btod_d2e_norm_op1) refers to btod.o(CL$$btod_d2e_denorm_low) for _d2e_denorm_low
    btod.o(CL$$btod_d2e_denorm_low) refers (Special) to usenofp.o(x$fpl$usenofp) for __I$use$fp
    btod.o(CL$$btod_emul) refers (Special) to usenofp.o(x$fpl$usenofp) for __I$use$fp
    btod.o(CL$$btod_emul) refers to btod.o(CL$$btod_mult_common) for __btod_mult_common
    btod.o(CL$$btod_emul) refers to btod.o(CL$$btod_e2e) for _e2e
    btod.o(CL$$btod_ediv) refers (Special) to usenofp.o(x$fpl$usenofp) for __I$use$fp
    btod.o(CL$$btod_ediv) refers to btod.o(CL$$btod_div_common) for __btod_div_common
    btod.o(CL$$btod_ediv) refers to btod.o(CL$$btod_e2e) for _e2e
    btod.o(CL$$btod_emuld) refers (Special) to usenofp.o(x$fpl$usenofp) for __I$use$fp
    btod.o(CL$$btod_emuld) refers to btod.o(CL$$btod_mult_common) for __btod_mult_common
    btod.o(CL$$btod_emuld) refers to btod.o(CL$$btod_e2d) for _e2d
    btod.o(CL$$btod_edivd) refers (Special) to usenofp.o(x$fpl$usenofp) for __I$use$fp
    btod.o(CL$$btod_edivd) refers to btod.o(CL$$btod_div_common) for __btod_div_common
    btod.o(CL$$btod_edivd) refers to btod.o(CL$$btod_e2d) for _e2d
    btod.o(CL$$btod_e2e) refers (Special) to usenofp.o(x$fpl$usenofp) for __I$use$fp
    btod.o(CL$$btod_e2d) refers (Special) to usenofp.o(x$fpl$usenofp) for __I$use$fp
    btod.o(CL$$btod_e2d) refers to btod.o(CL$$btod_e2e) for _e2e
    btod.o(CL$$btod_mult_common) refers (Special) to usenofp.o(x$fpl$usenofp) for __I$use$fp
    btod.o(CL$$btod_div_common) refers (Special) to usenofp.o(x$fpl$usenofp) for __I$use$fp
    lc_numeric_c.o(locale$$data) refers (Special) to libinit2.o(.ARM.Collect$$libinit$$00000016) for __rt_lib_init_lc_numeric_2
    lc_numeric_c.o(locale$$code) refers (Special) to libinit2.o(.ARM.Collect$$libinit$$00000016) for __rt_lib_init_lc_numeric_2
    lc_numeric_c.o(locale$$code) refers to strcmp.o(.text) for strcmp
    lc_numeric_c.o(locale$$code) refers to lc_numeric_c.o(locale$$data) for __lcnum_c_name
    dcmpi.o(x$fpl$dcmpinf) refers (Special) to usenofp.o(x$fpl$usenofp) for __I$use$fp
    istatus.o(x$fpl$ieeestatus) refers (Special) to usenofp.o(x$fpl$usenofp) for __I$use$fp
    fpclassify.o(i.__ARM_fpclassify) refers (Special) to usenofp.o(x$fpl$usenofp) for __I$use$fp
    sys_stackheap_outer.o(.text) refers to libspace.o(.text) for __user_perproc_libspace
    sys_stackheap_outer.o(.text) refers to sam7.o(.text) for __user_initial_stackheap
    lc_ctype_c.o(locale$$data) refers (Special) to libinit2.o(.ARM.Collect$$libinit$$00000012) for __rt_lib_init_lc_ctype_2
    lc_ctype_c.o(locale$$code) refers (Special) to libinit2.o(.ARM.Collect$$libinit$$00000012) for __rt_lib_init_lc_ctype_2
    lc_ctype_c.o(locale$$code) refers to strcmp.o(.text) for strcmp
    lc_ctype_c.o(locale$$code) refers to lc_ctype_c.o(locale$$data) for __lcctype_c_name
    exit.o(.text) refers to rtexit.o(.ARM.Collect$$rtexit$$00000000) for __rt_exit
    defsig_fpe_outer.o(.text) refers to defsig_fpe_inner.o(.text) for __rt_SIGFPE_inner
    defsig_fpe_outer.o(.text) refers to defsig_exit.o(.text) for __sig_exit
    defsig_fpe_formal.o(.text) refers to rt_raise.o(.text) for __rt_raise
    libinit.o(.ARM.Collect$$libinit$$00000000) refers (Special) to libinit2.o(.ARM.Collect$$libinit$$0000002E) for __rt_lib_init_alloca_1
    libinit.o(.ARM.Collect$$libinit$$00000000) refers (Special) to libinit2.o(.ARM.Collect$$libinit$$0000002C) for __rt_lib_init_argv_1
    libinit.o(.ARM.Collect$$libinit$$00000000) refers (Special) to libinit2.o(.ARM.Collect$$libinit$$0000001B) for __rt_lib_init_atexit_1
    libinit.o(.ARM.Collect$$libinit$$00000000) refers (Special) to libinit2.o(.ARM.Collect$$libinit$$00000021) for __rt_lib_init_clock_1
    libinit.o(.ARM.Collect$$libinit$$00000000) refers (Special) to libinit2.o(.ARM.Collect$$libinit$$00000032) for __rt_lib_init_cpp_1
    libinit.o(.ARM.Collect$$libinit$$00000000) refers (Special) to libinit2.o(.ARM.Collect$$libinit$$00000030) for __rt_lib_init_exceptions_1
    libinit.o(.ARM.Collect$$libinit$$00000000) refers (Special) to libinit2.o(.ARM.Collect$$libinit$$00000002) for __rt_lib_init_fp_1
    libinit.o(.ARM.Collect$$libinit$$00000000) refers (Special) to libinit2.o(.ARM.Collect$$libinit$$0000001F) for __rt_lib_init_fp_trap_1
    libinit.o(.ARM.Collect$$libinit$$00000000) refers (Special) to libinit2.o(.ARM.Collect$$libinit$$00000023) for __rt_lib_init_getenv_1
    libinit.o(.ARM.Collect$$libinit$$00000000) refers (Special) to libinit2.o(.ARM.Collect$$libinit$$0000000A) for __rt_lib_init_heap_1
    libinit.o(.ARM.Collect$$libinit$$00000000) refers (Special) to libinit2.o(.ARM.Collect$$libinit$$00000011) for __rt_lib_init_lc_collate_1
    libinit.o(.ARM.Collect$$libinit$$00000000) refers (Special) to libinit2.o(.ARM.Collect$$libinit$$00000013) for __rt_lib_init_lc_ctype_1
    libinit.o(.ARM.Collect$$libinit$$00000000) refers (Special) to libinit2.o(.ARM.Collect$$libinit$$00000015) for __rt_lib_init_lc_monetary_1
    libinit.o(.ARM.Collect$$libinit$$00000000) refers (Special) to libinit2.o(.ARM.Collect$$libinit$$00000017) for __rt_lib_init_lc_numeric_1
    libinit.o(.ARM.Collect$$libinit$$00000000) refers (Special) to libinit2.o(.ARM.Collect$$libinit$$00000019) for __rt_lib_init_lc_time_1
    libinit.o(.ARM.Collect$$libinit$$00000000) refers (Special) to libinit2.o(.ARM.Collect$$libinit$$00000004) for __rt_lib_init_preinit_1
    libinit.o(.ARM.Collect$$libinit$$00000000) refers (Special) to libinit2.o(.ARM.Collect$$libinit$$0000000E) for __rt_lib_init_rand_1
    libinit.o(.ARM.Collect$$libinit$$00000000) refers (Special) to libinit2.o(.ARM.Collect$$libinit$$00000033) for __rt_lib_init_return
    libinit.o(.ARM.Collect$$libinit$$00000000) refers (Special) to libinit2.o(.ARM.Collect$$libinit$$0000001D) for __rt_lib_init_signal_1
    libinit.o(.ARM.Collect$$libinit$$00000000) refers (Special) to libinit2.o(.ARM.Collect$$libinit$$00000025) for __rt_lib_init_stdio_1
    libinit.o(.ARM.Collect$$libinit$$00000000) refers (Special) to libinit2.o(.ARM.Collect$$libinit$$0000000C) for __rt_lib_init_user_alloc_1
    libinit2.o(.ARM.Collect$$libinit$$00000001) refers to fpinit.o(x$fpl$fpinit) for _fp_init
    libinit2.o(.ARM.Collect$$libinit$$0000000F) refers (Weak) to rt_locale_intlibspace.o(.text) for __rt_locale
    libinit2.o(.ARM.Collect$$libinit$$00000010) refers to libinit2.o(.ARM.Collect$$libinit$$0000000F) for .ARM.Collect$$libinit$$0000000F
    libinit2.o(.ARM.Collect$$libinit$$00000012) refers to libinit2.o(.ARM.Collect$$libinit$$0000000F) for .ARM.Collect$$libinit$$0000000F
    libinit2.o(.ARM.Collect$$libinit$$00000012) refers (Weak) to lc_ctype_c.o(locale$$code) for _get_lc_ctype
    libinit2.o(.ARM.Collect$$libinit$$00000014) refers to libinit2.o(.ARM.Collect$$libinit$$0000000F) for .ARM.Collect$$libinit$$0000000F
    libinit2.o(.ARM.Collect$$libinit$$00000016) refers to libinit2.o(.ARM.Collect$$libinit$$0000000F) for .ARM.Collect$$libinit$$0000000F
    libinit2.o(.ARM.Collect$$libinit$$00000016) refers (Weak) to lc_numeric_c.o(locale$$code) for _get_lc_numeric
    libinit2.o(.ARM.Collect$$libinit$$00000018) refers to libinit2.o(.ARM.Collect$$libinit$$0000000F) for .ARM.Collect$$libinit$$0000000F
    libinit2.o(.ARM.Collect$$libinit$$00000026) refers to argv_veneer.o(.emb_text) for __ARM_argv_veneer
    libinit2.o(.ARM.Collect$$libinit$$00000027) refers to argv_veneer.o(.emb_text) for __ARM_argv_veneer
    rtexit.o(.ARM.Collect$$rtexit$$00000000) refers (Special) to rtexit2.o(.ARM.Collect$$rtexit$$00000004) for __rt_exit_exit
    rtexit.o(.ARM.Collect$$rtexit$$00000000) refers (Special) to rtexit2.o(.ARM.Collect$$rtexit$$00000003) for __rt_exit_ls
    rtexit.o(.ARM.Collect$$rtexit$$00000000) refers (Special) to rtexit2.o(.ARM.Collect$$rtexit$$00000002) for __rt_exit_prels_1
    rtexit.o(.ARM.exidx) refers (Special) to rtexit2.o(.ARM.Collect$$rtexit$$00000004) for __rt_exit_exit
    rtexit.o(.ARM.exidx) refers (Special) to rtexit2.o(.ARM.Collect$$rtexit$$00000003) for __rt_exit_ls
    rtexit.o(.ARM.exidx) refers (Special) to rtexit2.o(.ARM.Collect$$rtexit$$00000002) for __rt_exit_prels_1
    rtexit.o(.ARM.exidx) refers to rtexit.o(.ARM.Collect$$rtexit$$00000000) for .ARM.Collect$$rtexit$$00000000
    rt_raise.o(.text) refers to __raise.o(.text) for __raise
    rt_raise.o(.text) refers to sys_exit.o(.text) for _sys_exit
    defsig_exit.o(.text) refers to sys_exit.o(.text) for _sys_exit
    defsig_fpe_inner.o(.text) refers to defsig_general.o(.text) for __default_signal_display
    argv_veneer.o(.emb_text) refers to no_argv.o(.text) for __ARM_get_argv
    sys_exit.o(.text) refers (Special) to use_no_semi.o(.text) for __I$use$semihosting
    sys_exit.o(.text) refers (Special) to indicate_semi.o(.text) for __semihosting_library_function
    rtexit2.o(.ARM.Collect$$rtexit$$00000003) refers to libshutdown.o(.ARM.Collect$$libshutdown$$00000000) for __rt_lib_shutdown
    rtexit2.o(.ARM.Collect$$rtexit$$00000004) refers to sys_exit.o(.text) for _sys_exit
    rtexit2.o(.ARM.exidx) refers to rtexit2.o(.ARM.Collect$$rtexit$$00000001) for .ARM.Collect$$rtexit$$00000001
    rtexit2.o(.ARM.exidx) refers to rtexit2.o(.ARM.Collect$$rtexit$$00000003) for .ARM.Collect$$rtexit$$00000003
    rtexit2.o(.ARM.exidx) refers to rtexit2.o(.ARM.Collect$$rtexit$$00000004) for .ARM.Collect$$rtexit$$00000004
    __raise.o(.text) refers to __printf.o(i.__ARM_common_call_via_r2) for __ARM_common_call_via_r2
    __raise.o(.text) refers to defsig.o(CL$$defsig) for __default_signal_handler
    defsig_general.o(.text) refers to sys_wrch.o(.text) for _ttywrch
    _get_argv_nomalloc.o(.text) refers (Special) to hrguard.o(.text) for __heap_region$guard
    _get_argv_nomalloc.o(.text) refers to defsig_rtmem_outer.o(.text) for __rt_SIGRTMEM
    _get_argv_nomalloc.o(.text) refers to sys_command.o(.text) for _sys_command_string
    sys_wrch.o(.text) refers (Special) to use_no_semi.o(.text) for __I$use$semihosting
    sys_wrch.o(.text) refers (Special) to indicate_semi.o(.text) for __semihosting_library_function
    sys_command.o(.text) refers (Special) to use_no_semi.o(.text) for __I$use$semihosting
    sys_command.o(.text) refers (Special) to indicate_semi.o(.text) for __semihosting_library_function
    defsig_rtmem_outer.o(.text) refers to defsig_rtmem_inner.o(.text) for __rt_SIGRTMEM_inner
    defsig_rtmem_outer.o(.text) refers to defsig_exit.o(.text) for __sig_exit
    defsig_rtmem_formal.o(.text) refers to rt_raise.o(.text) for __rt_raise
    defsig.o(CL$$defsig) refers to defsig_fpe_inner.o(.text) for __rt_SIGFPE_inner
    defsig.o(CL$$defsig) refers to defsig_rtmem_inner.o(.text) for __rt_SIGRTMEM_inner
    libshutdown.o(.ARM.Collect$$libshutdown$$00000000) refers (Special) to libshutdown2.o(.ARM.Collect$$libshutdown$$00000002) for __rt_lib_shutdown_cpp_1
    libshutdown.o(.ARM.Collect$$libshutdown$$00000000) refers (Special) to libshutdown2.o(.ARM.Collect$$libshutdown$$00000007) for __rt_lib_shutdown_fp_trap_1
    libshutdown.o(.ARM.Collect$$libshutdown$$00000000) refers (Special) to libshutdown2.o(.ARM.Collect$$libshutdown$$0000000F) for __rt_lib_shutdown_heap_1
    libshutdown.o(.ARM.Collect$$libshutdown$$00000000) refers (Special) to libshutdown2.o(.ARM.Collect$$libshutdown$$00000010) for __rt_lib_shutdown_return
    libshutdown.o(.ARM.Collect$$libshutdown$$00000000) refers (Special) to libshutdown2.o(.ARM.Collect$$libshutdown$$0000000A) for __rt_lib_shutdown_signal_1
    libshutdown.o(.ARM.Collect$$libshutdown$$00000000) refers (Special) to libshutdown2.o(.ARM.Collect$$libshutdown$$00000004) for __rt_lib_shutdown_stdio_1
    libshutdown.o(.ARM.Collect$$libshutdown$$00000000) refers (Special) to libshutdown2.o(.ARM.Collect$$libshutdown$$0000000C) for __rt_lib_shutdown_user_alloc_1
    defsig_abrt_inner.o(.text) refers to defsig_general.o(.text) for __default_signal_display
    defsig_rtred_inner.o(.text) refers to defsig_general.o(.text) for __default_signal_display
    defsig_rtmem_inner.o(.text) refers to defsig_general.o(.text) for __default_signal_display
    defsig_stak_inner.o(.text) refers to defsig_general.o(.text) for __default_signal_display
    defsig_pvfn_inner.o(.text) refers to defsig_general.o(.text) for __default_signal_display
    defsig_cppl_inner.o(.text) refers to defsig_general.o(.text) for __default_signal_display
    defsig_segv_inner.o(.text) refers to defsig_general.o(.text) for __default_signal_display
    defsig_other.o(.text) refers to defsig_general.o(.text) for __default_signal_display


==============================================================================

Removing Unused input sections from the image.

    Removing adc2.o(i.itoa), (172 bytes).

1 unused section(s) (total 172 bytes) removed from the image.

==============================================================================

Adding Veneers to the image

    Adding TA veneer (4 bytes, Inline) for call to '_printf_percent' from __printf_ss.o(.text).
    Adding AT veneer (8 bytes, Inline) for call to '__rt_lib_init' from __rtentry2.o(.ARM.Collect$$rtentry$$0000000A).
    Adding AT veneer (8 bytes, Inline) for call to '__rt_lib_shutdown' from rtexit2.o(.ARM.Collect$$rtexit$$00000003).
    Adding TA veneer (4 bytes, Inline) for call to '__rt_exit' from exit.o(.text).
    Adding AT veneer (8 bytes, Inline) for call to '__2sprintf' from adc2.o(i.main).
    Adding AT veneer (8 bytes, Inline) for call to '_printf_int_dec' from _printf_d.o(.ARM.Collect$$_printf_percent$$00000009).
    Adding AT veneer (8 bytes, Inline) for call to 'atoi' from adc2.o(i.main).
    Adding TA veneer (4 bytes, Inline) for call to '__aeabi_idivmod' from bigflt0.o(.text).
    Adding TA veneer (4 bytes, Inline) for call to '__aeabi_errno_addr' from atoi.o(.text).
    Adding AT veneer (8 bytes, Inline) for call to '__set_errno' from sqrt.o(i.sqrt).
    Adding TA veneer (4 bytes, Inline) for call to '__rt_udiv10' from _printf_dec.o(.text).
    Adding TA veneer (4 bytes, Inline) for call to '__rt_ctype_table' from strtol.o(.text).
    Adding TA veneer (4 bytes, Inline) for call to '__rt_locale' from libinit2.o(.ARM.Collect$$libinit$$0000000F).
    Adding TA veneer (4 bytes, Inline) for call to '_ll_udiv10' from _printf_fp_dec.o(.text).
    Adding AT veneer (8 bytes, Inline) for call to '_sys_exit' from rtexit2.o(.ARM.Collect$$rtexit$$00000004).
    Adding TA veneer (4 bytes, Inline) for call to '_btod_d2e' from _printf_fp_dec.o(.text).
    Adding TA veneer (4 bytes, Inline) for call to '_btod_ediv' from _printf_fp_dec.o(.text).
    Adding TA veneer (4 bytes, Inline) for call to '_btod_emul' from _printf_fp_dec.o(.text).
    Adding AT veneer (12 bytes, Long) for call to '_printf_fp_dec_real' from printf1.o(x$fpl$printf1).
    Adding TA veneer (4 bytes, Inline) for call to '__ARM_fpclassify' from _printf_fp_dec.o(.text).
    Adding TA veneer (4 bytes, Inline) for call to '_get_lc_numeric' from libinit2.o(.ARM.Collect$$libinit$$00000016).
    Adding TA veneer (4 bytes, Inline) for call to '_get_lc_ctype' from libinit2.o(.ARM.Collect$$libinit$$00000012).
    Adding TA veneer (4 bytes, Inline) for call to '__ieee_status' from _printf_fp_dec.o(.text).

23 Veneer(s) (total 128 bytes) added to the image.

==============================================================================

Image Symbol Table

    Local Symbols

    Symbol Name                              Value     Ov Type        Size  Object(Section)

    ../clib/angel/boardlib.s                 0x00000000   Number         0  boardinit2.o ABSOLUTE
    ../clib/angel/boardlib.s                 0x00000000   Number         0  boardinit1.o ABSOLUTE
    ../clib/angel/boardlib.s                 0x00000000   Number         0  boardshut.o ABSOLUTE
    ../clib/angel/boardlib.s                 0x00000000   Number         0  boardinit3.o ABSOLUTE
    ../clib/angel/handlers.s                 0x00000000   Number         0  __scatter_copy.o ABSOLUTE
    ../clib/angel/handlers.s                 0x00000000   Number         0  __scatter_zi.o ABSOLUTE
    ../clib/angel/kernel.s                   0x00000000   Number         0  __rtentry4.o ABSOLUTE
    ../clib/angel/kernel.s                   0x00000000   Number         0  rtexit2.o ABSOLUTE
    ../clib/angel/kernel.s                   0x00000000   Number         0  __rtentry2.o ABSOLUTE
    ../clib/angel/kernel.s                   0x00000000   Number         0  __rtentry.o ABSOLUTE
    ../clib/angel/kernel.s                   0x00000000   Number         0  rtexit.o ABSOLUTE
    ../clib/angel/rt.s                       0x00000000   Number         0  rt_locale_intlibspace.o ABSOLUTE
    ../clib/angel/rt.s                       0x00000000   Number         0  rt_ctype_table.o ABSOLUTE
    ../clib/angel/rt.s                       0x00000000   Number         0  aeabi_idiv0_sigfpe.o ABSOLUTE
    ../clib/angel/rt.s                       0x00000000   Number         0  aeabi_idiv0.o ABSOLUTE
    ../clib/angel/rt.s                       0x00000000   Number         0  rt_raise.o ABSOLUTE
    ../clib/angel/rt.s                       0x00000000   Number         0  rt_errno_addr_intlibspace.o ABSOLUTE
    ../clib/angel/rt.s                       0x00000000   Number         0  rt_errno_addr.o ABSOLUTE
    ../clib/angel/rt.s                       0x00000000   Number         0  rt_div0.o ABSOLUTE
    ../clib/angel/rt.s                       0x00000000   Number         0  rt_locale.o ABSOLUTE
    ../clib/angel/scatter.s                  0x00000000   Number         0  __scatter.o ABSOLUTE
    ../clib/angel/startup.s                  0x00000000   Number         0  __main.o ABSOLUTE
    ../clib/angel/sys.s                      0x00000000   Number         0  use_no_semi.o ABSOLUTE
    ../clib/angel/sys.s                      0x00000000   Number         0  indicate_semi.o ABSOLUTE
    ../clib/angel/sys.s                      0x00000000   Number         0  libspace.o ABSOLUTE
    ../clib/angel/sys.s                      0x00000000   Number         0  sys_stackheap_outer.o ABSOLUTE
    ../clib/angel/sysapp.c                   0x00000000   Number         0  sys_command.o ABSOLUTE
    ../clib/angel/sysapp.c                   0x00000000   Number         0  sys_exit.o ABSOLUTE
    ../clib/angel/sysapp.c                   0x00000000   Number         0  sys_wrch.o ABSOLUTE
    ../clib/armsys.c                         0x00000000   Number         0  argv_veneer.o ABSOLUTE
    ../clib/armsys.c                         0x00000000   Number         0  argv_veneer.o ABSOLUTE
    ../clib/armsys.c                         0x00000000   Number         0  no_argv.o ABSOLUTE
    ../clib/armsys.c                         0x00000000   Number         0  _get_argv_nomalloc.o ABSOLUTE
    ../clib/bigflt.c                         0x00000000   Number         0  bigflt0.o ABSOLUTE
    ../clib/btod.s                           0x00000000   Number         0  btod.o ABSOLUTE
    ../clib/division.s                       0x00000000   Number         0  aeabi_sdiv_div0.o ABSOLUTE
    ../clib/division.s                       0x00000000   Number         0  rtudiv10.o ABSOLUTE
    ../clib/division.s                       0x00000000   Number         0  aeabi_sdiv.o ABSOLUTE
    ../clib/divrt.s                          0x00000000   Number         0  divrt_7tdmi.o ABSOLUTE
    ../clib/divrt.s                          0x00000000   Number         0  divrt_7tdmi_div0.o ABSOLUTE
    ../clib/fenv.c                           0x00000000   Number         0  _rserrno.o ABSOLUTE
    ../clib/heapalloc.c                      0x00000000   Number         0  hrguard.o ABSOLUTE
    ../clib/heapaux.c                        0x00000000   Number         0  heapauxi.o ABSOLUTE
    ../clib/libinit.s                        0x00000000   Number         0  libinit.o ABSOLUTE
    ../clib/libinit.s                        0x00000000   Number         0  libshutdown.o ABSOLUTE
    ../clib/libinit.s                        0x00000000   Number         0  libinit2.o ABSOLUTE
    ../clib/libinit.s                        0x00000000   Number         0  libshutdown2.o ABSOLUTE
    ../clib/locale.s                         0x00000000   Number         0  lc_ctype_c.o ABSOLUTE
    ../clib/locale.s                         0x00000000   Number         0  lc_numeric_c.o ABSOLUTE
    ../clib/longlong.s                       0x00000000   Number         0  lludiv10.o ABSOLUTE
    ../clib/memcpset.s                       0x00000000   Number         0  strcmp.o ABSOLUTE
    ../clib/misc.s                           0x00000000   Number         0  printf_stubs.o ABSOLUTE
    ../clib/printf.c                         0x00000000   Number         0  _printf_fp_dec.o ABSOLUTE
    ../clib/printf.c                         0x00000000   Number         0  __printf_nopercent.o ABSOLUTE
    ../clib/printf.c                         0x00000000   Number         0  _sputc.o ABSOLUTE
    ../clib/printf.c                         0x00000000   Number         0  _printf_dec.o ABSOLUTE
    ../clib/printf.c                         0x00000000   Number         0  _printf_fp_infnan.o ABSOLUTE
    ../clib/printf.c                         0x00000000   Number         0  _printf_char_common.o ABSOLUTE
    ../clib/printf.c                         0x00000000   Number         0  __printf_wp.o ABSOLUTE
    ../clib/printf.c                         0x00000000   Number         0  __printf_flags_wp.o ABSOLUTE
    ../clib/printf.c                         0x00000000   Number         0  __printf.o ABSOLUTE
    ../clib/printf.c                         0x00000000   Number         0  __2sprintf.o ABSOLUTE
    ../clib/printf.c                         0x00000000   Number         0  noretval__2sprintf.o ABSOLUTE
    ../clib/printf.c                         0x00000000   Number         0  _printf_intcommon.o ABSOLUTE
    ../clib/printf.c                         0x00000000   Number         0  __printf_ss.o ABSOLUTE
    ../clib/printf.c                         0x00000000   Number         0  __printf_flags_ss.o ABSOLUTE
    ../clib/printf.c                         0x00000000   Number         0  __printf_ss_wp.o ABSOLUTE
    ../clib/printf.c                         0x00000000   Number         0  __printf_flags.o ABSOLUTE
    ../clib/printf.c                         0x00000000   Number         0  __printf_flags_ss_wp.o ABSOLUTE
    ../clib/printf_percent.s                 0x00000000   Number         0  _printf_f.o ABSOLUTE
    ../clib/printf_percent.s                 0x00000000   Number         0  _printf_d.o ABSOLUTE
    ../clib/printf_percent.s                 0x00000000   Number         0  _printf_percent.o ABSOLUTE
    ../clib/printf_percent.s                 0x00000000   Number         0  _printf_percent_end.o ABSOLUTE
    ../clib/scanf.c                          0x00000000   Number         0  strtol.o ABSOLUTE
    ../clib/scanf.c                          0x00000000   Number         0  atoi.o ABSOLUTE
    ../clib/scanf.c                          0x00000000   Number         0  _chval.o ABSOLUTE
    ../clib/scanf.c                          0x00000000   Number         0  _strtoul.o ABSOLUTE
    ../clib/signal.c                         0x00000000   Number         0  defsig_rtmem_formal.o ABSOLUTE
    ../clib/signal.c                         0x00000000   Number         0  defsig_general.o ABSOLUTE
    ../clib/signal.c                         0x00000000   Number         0  __raise.o ABSOLUTE
    ../clib/signal.c                         0x00000000   Number         0  defsig_abrt_inner.o ABSOLUTE
    ../clib/signal.c                         0x00000000   Number         0  defsig_rtred_inner.o ABSOLUTE
    ../clib/signal.c                         0x00000000   Number         0  defsig_fpe_inner.o ABSOLUTE
    ../clib/signal.c                         0x00000000   Number         0  defsig_rtmem_outer.o ABSOLUTE
    ../clib/signal.c                         0x00000000   Number         0  defsig_rtmem_inner.o ABSOLUTE
    ../clib/signal.c                         0x00000000   Number         0  defsig_stak_inner.o ABSOLUTE
    ../clib/signal.c                         0x00000000   Number         0  defsig_pvfn_inner.o ABSOLUTE
    ../clib/signal.c                         0x00000000   Number         0  defsig_fpe_formal.o ABSOLUTE
    ../clib/signal.c                         0x00000000   Number         0  defsig_fpe_outer.o ABSOLUTE
    ../clib/signal.c                         0x00000000   Number         0  defsig_exit.o ABSOLUTE
    ../clib/signal.c                         0x00000000   Number         0  defsig_other.o ABSOLUTE
    ../clib/signal.c                         0x00000000   Number         0  defsig_segv_inner.o ABSOLUTE
    ../clib/signal.c                         0x00000000   Number         0  defsig_cppl_inner.o ABSOLUTE
    ../clib/signal.s                         0x00000000   Number         0  defsig.o ABSOLUTE
    ../clib/stdlib.c                         0x00000000   Number         0  exit.o ABSOLUTE
    ../fplib/daddsub.s                       0x00000000   Number         0  daddsub_noclz.o ABSOLUTE
    ../fplib/dcmpi.s                         0x00000000   Number         0  dcmpi.o ABSOLUTE
    ../fplib/ddiv.s                          0x00000000   Number         0  ddiv.o ABSOLUTE
    ../fplib/dflt.s                          0x00000000   Number         0  dflt_noclz.o ABSOLUTE
    ../fplib/dleqf.s                         0x00000000   Number         0  dleqf.o ABSOLUTE
    ../fplib/dmul.s                          0x00000000   Number         0  dmul.o ABSOLUTE
    ../fplib/dnaninf.s                       0x00000000   Number         0  dnaninf.o ABSOLUTE
    ../fplib/dretinf.s                       0x00000000   Number         0  dretinf.o ABSOLUTE
    ../fplib/dsqrt.s                         0x00000000   Number         0  dsqrt_noumaal.o ABSOLUTE
    ../fplib/fpinit.s                        0x00000000   Number         0  fpinit.o ABSOLUTE
    ../fplib/istatus.s                       0x00000000   Number         0  istatus.o ABSOLUTE
    ../fplib/printf1.s                       0x00000000   Number         0  printf1.o ABSOLUTE
    ../fplib/usenofp.s                       0x00000000   Number         0  usenofp.o ABSOLUTE
    ../mathlib/fpclassify.c                  0x00000000   Number         0  fpclassify.o ABSOLUTE
    ../mathlib/sqrt.c                        0x00000000   Number         0  sqrt.o ABSOLUTE
    ../mathlib/sqrt.c                        0x00000000   Number         0  sqrt_x.o ABSOLUTE
    ADC2.c                                   0x00000000   Number         0  adc2.o ABSOLUTE
    SAM7.s                                   0x00000000   Number         0  sam7.o ABSOLUTE
    dc.s                                     0x00000000   Number         0  dc.o ABSOLUTE
    RESET                                    0x00100000   Section      332  sam7.o(RESET)
    Undef_Handler                            0x00100040   ARM Code       4  sam7.o(RESET)
    SWI_Handler                              0x00100044   ARM Code       4  sam7.o(RESET)
    PAbt_Handler                             0x00100048   ARM Code       4  sam7.o(RESET)
    DAbt_Handler                             0x0010004c   ARM Code       4  sam7.o(RESET)
    IRQ_Handler                              0x00100050   ARM Code       4  sam7.o(RESET)
    FIQ_Handler                              0x00100054   ARM Code       4  sam7.o(RESET)
    !!!main                                  0x0010014c   Section        8  __main.o(!!!main)
    !!!scatter                               0x00100154   Section       60  __scatter.o(!!!scatter)
    !!handler_copy                           0x00100190   Section       40  __scatter_copy.o(!!handler_copy)
    !!handler_zi                             0x001001b8   Section       44  __scatter_zi.o(!!handler_zi)
    .ARM.Collect$$_printf_percent$$00000000  0x001001e8   Section        0  _printf_percent.o(.ARM.Collect$$_printf_percent$$00000000)
    .ARM.Collect$$_printf_percent$$00000003  0x001001e8   Section        8  _printf_f.o(.ARM.Collect$$_printf_percent$$00000003)
    .ARM.Collect$$_printf_percent$$00000009  0x001001f0   Section        8  _printf_d.o(.ARM.Collect$$_printf_percent$$00000009)
    .ARM.Collect$$_printf_percent$$00000017  0x001001f8   Section        8  _printf_percent_end.o(.ARM.Collect$$_printf_percent$$00000017)
    .ARM.Collect$$libinit$$00000000          0x00100208   Section        2  libinit.o(.ARM.Collect$$libinit$$00000000)
    .ARM.Collect$$libinit$$00000002          0x0010020a   Section        0  libinit2.o(.ARM.Collect$$libinit$$00000002)
    .ARM.Collect$$libinit$$00000004          0x0010020a   Section        0  libinit2.o(.ARM.Collect$$libinit$$00000004)
    .ARM.Collect$$libinit$$0000000A          0x0010020a   Section        0  libinit2.o(.ARM.Collect$$libinit$$0000000A)
    .ARM.Collect$$libinit$$0000000C          0x0010020a   Section        0  libinit2.o(.ARM.Collect$$libinit$$0000000C)
    .ARM.Collect$$libinit$$0000000E          0x0010020a   Section        0  libinit2.o(.ARM.Collect$$libinit$$0000000E)
    .ARM.Collect$$libinit$$0000000F          0x0010020a   Section        6  libinit2.o(.ARM.Collect$$libinit$$0000000F)
    .ARM.Collect$$libinit$$00000011          0x00100210   Section        0  libinit2.o(.ARM.Collect$$libinit$$00000011)
    .ARM.Collect$$libinit$$00000012          0x00100210   Section       12  libinit2.o(.ARM.Collect$$libinit$$00000012)
    .ARM.Collect$$libinit$$00000013          0x0010021c   Section        0  libinit2.o(.ARM.Collect$$libinit$$00000013)
    .ARM.Collect$$libinit$$00000015          0x0010021c   Section        0  libinit2.o(.ARM.Collect$$libinit$$00000015)
    .ARM.Collect$$libinit$$00000016          0x0010021c   Section       10  libinit2.o(.ARM.Collect$$libinit$$00000016)
    .ARM.Collect$$libinit$$00000017          0x00100226   Section        0  libinit2.o(.ARM.Collect$$libinit$$00000017)
    .ARM.Collect$$libinit$$00000019          0x00100226   Section        0  libinit2.o(.ARM.Collect$$libinit$$00000019)
    .ARM.Collect$$libinit$$0000001B          0x00100226   Section        0  libinit2.o(.ARM.Collect$$libinit$$0000001B)
    .ARM.Collect$$libinit$$0000001D          0x00100226   Section        0  libinit2.o(.ARM.Collect$$libinit$$0000001D)
    .ARM.Collect$$libinit$$0000001F          0x00100226   Section        0  libinit2.o(.ARM.Collect$$libinit$$0000001F)
    .ARM.Collect$$libinit$$00000021          0x00100226   Section        0  libinit2.o(.ARM.Collect$$libinit$$00000021)
    .ARM.Collect$$libinit$$00000023          0x00100226   Section        0  libinit2.o(.ARM.Collect$$libinit$$00000023)
    .ARM.Collect$$libinit$$00000025          0x00100226   Section        0  libinit2.o(.ARM.Collect$$libinit$$00000025)
    .ARM.Collect$$libinit$$0000002C          0x00100226   Section        0  libinit2.o(.ARM.Collect$$libinit$$0000002C)
    .ARM.Collect$$libinit$$0000002E          0x00100226   Section        0  libinit2.o(.ARM.Collect$$libinit$$0000002E)
    .ARM.Collect$$libinit$$00000030          0x00100226   Section        0  libinit2.o(.ARM.Collect$$libinit$$00000030)
    .ARM.Collect$$libinit$$00000032          0x00100226   Section        0  libinit2.o(.ARM.Collect$$libinit$$00000032)
    .ARM.Collect$$libinit$$00000033          0x00100226   Section       12  libinit2.o(.ARM.Collect$$libinit$$00000033)
    .ARM.Collect$$libshutdown$$00000000      0x0010023c   Section        4  libshutdown.o(.ARM.Collect$$libshutdown$$00000000)
    .ARM.Collect$$libshutdown$$00000002      0x00100240   Section        0  libshutdown2.o(.ARM.Collect$$libshutdown$$00000002)
    .ARM.Collect$$libshutdown$$00000004      0x00100240   Section        0  libshutdown2.o(.ARM.Collect$$libshutdown$$00000004)
    .ARM.Collect$$libshutdown$$00000007      0x00100240   Section        0  libshutdown2.o(.ARM.Collect$$libshutdown$$00000007)
    .ARM.Collect$$libshutdown$$0000000A      0x00100240   Section        0  libshutdown2.o(.ARM.Collect$$libshutdown$$0000000A)
    .ARM.Collect$$libshutdown$$0000000C      0x00100240   Section        0  libshutdown2.o(.ARM.Collect$$libshutdown$$0000000C)
    .ARM.Collect$$libshutdown$$0000000F      0x00100240   Section        0  libshutdown2.o(.ARM.Collect$$libshutdown$$0000000F)
    .ARM.Collect$$libshutdown$$00000010      0x00100240   Section        6  libshutdown2.o(.ARM.Collect$$libshutdown$$00000010)
    .ARM.Collect$$rtentry$$00000000          0x00100248   Section        0  __rtentry.o(.ARM.Collect$$rtentry$$00000000)
    .ARM.Collect$$rtentry$$00000002          0x00100248   Section        0  __rtentry2.o(.ARM.Collect$$rtentry$$00000002)
    .ARM.Collect$$rtentry$$00000004          0x00100248   Section        8  __rtentry4.o(.ARM.Collect$$rtentry$$00000004)
    .ARM.Collect$$rtentry$$00000009          0x00100250   Section        0  __rtentry2.o(.ARM.Collect$$rtentry$$00000009)
    .ARM.Collect$$rtentry$$0000000A          0x00100250   Section        4  __rtentry2.o(.ARM.Collect$$rtentry$$0000000A)
    .ARM.Collect$$rtentry$$0000000C          0x00100254   Section        0  __rtentry2.o(.ARM.Collect$$rtentry$$0000000C)
    .ARM.Collect$$rtentry$$0000000D          0x00100254   Section       40  __rtentry2.o(.ARM.Collect$$rtentry$$0000000D)
    .ARM.Collect$$rtexit$$00000000           0x00100280   Section        4  rtexit.o(.ARM.Collect$$rtexit$$00000000)
    .ARM.Collect$$rtexit$$00000002           0x00100284   Section        0  rtexit2.o(.ARM.Collect$$rtexit$$00000002)
    .ARM.Collect$$rtexit$$00000003           0x00100284   Section        4  rtexit2.o(.ARM.Collect$$rtexit$$00000003)
    .ARM.Collect$$rtexit$$00000004           0x00100288   Section        8  rtexit2.o(.ARM.Collect$$rtexit$$00000004)
    .text                                    0x00100290   Section       32  sam7.o(.text)
    .text                                    0x001002b8   Section        0  noretval__2sprintf.o(.text)
    .text                                    0x001002e8   Section        0  _printf_dec.o(.text)
    .text                                    0x00100358   Section        0  __printf_ss.o(.text)
    .text                                    0x0010042c   Section        0  atoi.o(.text)
    .text                                    0x00100450   Section      384  aeabi_sdiv.o(.text)
    __arm_div8                               0x0010047c   ARM Code       0  aeabi_sdiv.o(.text)
    __arm_div5                               0x001004a0   ARM Code       0  aeabi_sdiv.o(.text)
    __arm_div2                               0x001004c4   ARM Code       0  aeabi_sdiv.o(.text)
    __arm_div_large                          0x00100500   ARM Code       0  aeabi_sdiv.o(.text)
    .text                                    0x001005d0   Section        0  heapauxi.o(.text)
    .text                                    0x001005dc   Section       12  rt_errno_addr_intlibspace.o(.text)
    .text                                    0x001005f0   Section        0  _rserrno.o(.text)
    .text                                    0x0010060a   Section        0  _printf_intcommon.o(.text)
    .text                                    0x001006c4   Section        0  _printf_fp_dec.o(.text)
    _fp_digits                               0x001006c7   Thumb Code   410  _printf_fp_dec.o(.text)
    .text                                    0x00100ae0   Section        0  _printf_char_common.o(.text)
    _printf_input_char                       0x00100ae1   Thumb Code    10  _printf_char_common.o(.text)
    .text                                    0x00100b10   Section        0  _sputc.o(.text)
    .text                                    0x00100b1c   Section        0  strtol.o(.text)
    .text                                    0x00100b94   Section       44  rtudiv10.o(.text)
    .text                                    0x00100bc0   Section       12  libspace.o(.text)
    .text                                    0x00100bd0   Section       24  rt_ctype_table.o(.text)
    .text                                    0x00100bec   Section       12  rt_locale_intlibspace.o(.text)
    .text                                    0x00100bfc   Section      160  lludiv10.o(.text)
    .text                                    0x00100c9c   Section        0  _printf_fp_infnan.o(.text)
    .text                                    0x00100d2c   Section        0  _strtoul.o(.text)
    .text                                    0x00100dd8   Section        0  bigflt0.o(.text)
    .text                                    0x00100eac   Section       96  sys_stackheap_outer.o(.text)
    .text                                    0x00100f0c   Section        0  _chval.o(.text)
    .text                                    0x00100f2a   Section        0  exit.o(.text)
    .text                                    0x00100f40   Section      244  strcmp.o(.text)
    .text                                    0x0010103c   Section        0  sys_exit.o(.text)
    .text                                    0x00101048   Section        4  use_no_semi.o(.text)
    .text                                    0x0010104c   Section        0  indicate_semi.o(.text)
    CL$$btod_d2e                             0x00101050   Section       56  btod.o(CL$$btod_d2e)
    CL$$btod_d2e_denorm_low                  0x00101088   Section       84  btod.o(CL$$btod_d2e_denorm_low)
    CL$$btod_d2e_norm_op1                    0x001010dc   Section      104  btod.o(CL$$btod_d2e_norm_op1)
    CL$$btod_div_common                      0x00101144   Section      844  btod.o(CL$$btod_div_common)
    CL$$btod_e2e                             0x00101490   Section      220  btod.o(CL$$btod_e2e)
    CL$$btod_ediv                            0x00101570   Section       52  btod.o(CL$$btod_ediv)
    CL$$btod_emul                            0x001015a8   Section       52  btod.o(CL$$btod_emul)
    CL$$btod_mult_common                     0x001015dc   Section      616  btod.o(CL$$btod_mult_common)
    i.__ARM_common_call_via_r1               0x00101850   Section        0  __printf.o(i.__ARM_common_call_via_r1)
    i.__ARM_common_call_via_r2               0x00101852   Section        0  __printf.o(i.__ARM_common_call_via_r2)
    i.__ARM_fpclassify                       0x00101858   Section        0  fpclassify.o(i.__ARM_fpclassify)
    i.addCharacter                           0x00101888   Section        0  adc2.o(i.addCharacter)
    i.blink                                  0x001018ec   Section        0  adc2.o(i.blink)
    i.delay0                                 0x0010191c   Section        0  adc2.o(i.delay0)
    i.get_char                               0x00101950   Section        0  adc2.o(i.get_char)
    i.hasRecived                             0x00101984   Section        0  adc2.o(i.hasRecived)
    i.main                                   0x001019b0   Section        0  adc2.o(i.main)
    i.putString                              0x00101d68   Section        0  adc2.o(i.putString)
    i.put_char                               0x00101d98   Section        0  adc2.o(i.put_char)
    i.setup                                  0x00101dc4   Section        0  adc2.o(i.setup)
    i.sqrt                                   0x00101f44   Section        0  sqrt.o(i.sqrt)
    locale$$code                             0x00101fb8   Section       80  lc_numeric_c.o(locale$$code)
    locale$$code                             0x0010200c   Section       80  lc_ctype_c.o(locale$$code)
    x$fpl$dadd                               0x0010205c   Section      340  daddsub_noclz.o(x$fpl$dadd)
    _dadd1                                   0x0010206c   ARM Code       0  daddsub_noclz.o(x$fpl$dadd)
    x$fpl$ddiv                               0x001021b0   Section      736  ddiv.o(x$fpl$ddiv)
    ddiv_entry                               0x001021b8   ARM Code       0  ddiv.o(x$fpl$ddiv)
    x$fpl$dflt                               0x00102490   Section       88  dflt_noclz.o(x$fpl$dflt)
    x$fpl$dmul                               0x001024e8   Section      384  dmul.o(x$fpl$dmul)
    x$fpl$dnaninf                            0x00102668   Section      192  dnaninf.o(x$fpl$dnaninf)
    x$fpl$dretinf                            0x00102728   Section       16  dretinf.o(x$fpl$dretinf)
    x$fpl$drsb                               0x00102738   Section       24  daddsub_noclz.o(x$fpl$drsb)
    x$fpl$dsqrt                              0x00102750   Section      520  dsqrt_noumaal.o(x$fpl$dsqrt)
    x$fpl$dsub                               0x00102958   Section      580  daddsub_noclz.o(x$fpl$dsub)
    _dsub1                                   0x00102968   ARM Code       0  daddsub_noclz.o(x$fpl$dsub)
    x$fpl$ieeestatus                         0x00102ba0   Section        8  istatus.o(x$fpl$ieeestatus)
    x$fpl$printf1                            0x00102ba8   Section        4  printf1.o(x$fpl$printf1)
    .constdata                               0x00102bac   Section      148  bigflt0.o(.constdata)
    x$fpl$usenofp                            0x00102bac   Section        0  usenofp.o(x$fpl$usenofp)
    tenpwrs_x                                0x00102bac   Data          60  bigflt0.o(.constdata)
    tenpwrs_i                                0x00102be8   Data          64  bigflt0.o(.constdata)
    locale$$data                             0x00102c60   Section       28  lc_numeric_c.o(locale$$data)
    __lcnum_c_name                           0x00102c64   Data           2  lc_numeric_c.o(locale$$data)
    __lcnum_c_start                          0x00102c6c   Data           0  lc_numeric_c.o(locale$$data)
    __lcnum_c_point                          0x00102c78   Data           0  lc_numeric_c.o(locale$$data)
    __lcnum_c_thousands                      0x00102c7a   Data           0  lc_numeric_c.o(locale$$data)
    __lcnum_c_grouping                       0x00102c7b   Data           0  lc_numeric_c.o(locale$$data)
    locale$$data                             0x00102c7c   Section      272  lc_ctype_c.o(locale$$data)
    __lcnum_c_end                            0x00102c7c   Data           0  lc_numeric_c.o(locale$$data)
    __lcctype_c_name                         0x00102c80   Data           2  lc_ctype_c.o(locale$$data)
    __lcctype_c_start                        0x00102c88   Data           0  lc_ctype_c.o(locale$$data)
    __lcctype_c_end                          0x00102d8c   Data           0  lc_ctype_c.o(locale$$data)
    .data                                    0x00200000   Section       48  adc2.o(.data)
    counter                                  0x0020002c   Data           4  adc2.o(.data)
    .bss                                     0x00200030   Section       50  adc2.o(.bss)
    buffer                                   0x00200030   Data          50  adc2.o(.bss)
    .bss                                     0x00200064   Section       96  libspace.o(.bss)
    HEAP                                     0x002000c8   Section        0  sam7.o(HEAP)
    STACK                                    0x002000c8   Section     1160  sam7.o(STACK)
    Heap_Mem                                 0x002000c8   Data           0  sam7.o(HEAP)
    Stack_Mem                                0x002000c8   Data        1024  sam7.o(STACK)
    Stack_Top                                0x00200550   Data           0  sam7.o(STACK)

    Global Symbols

    Symbol Name                              Value     Ov Type        Size  Object(Section)

    BuildAttributes$$THM_ISAv1$ARM_ISAv4$S$PE$A:L22$X:L11$S22$IEEE1$IW$USESV6$~STKCKD$USESV7$~SHL$OTIME$ROPI$IEEEJ$EBA8$UX$STANDARDLIB$REQ8$PRES8$EABIv2 0x00000000   Number         0  anon$$obj.o ABSOLUTE
    __ARM_use_no_argv                        0x00000000   Number         0  adc2.o ABSOLUTE
    _printf_flags                            0x00000000   Number         0  printf_stubs.o ABSOLUTE
    _printf_return_value                     0x00000000   Number         0  printf_stubs.o ABSOLUTE
    _printf_sizespec                         0x00000000   Number         0  printf_stubs.o ABSOLUTE
    _printf_widthprec                        0x00000000   Number         0  printf_stubs.o ABSOLUTE
    __ARM_exceptions_init                     - Undefined Weak Reference
    __alloca_initialize                       - Undefined Weak Reference
    __arm_preinit_                            - Undefined Weak Reference
    __cpp_initialize__aeabi_                  - Undefined Weak Reference
    __cxa_finalize                            - Undefined Weak Reference
    __sigvec_lookup                           - Undefined Weak Reference
    _atexit_init                              - Undefined Weak Reference
    _call_atexit_fns                          - Undefined Weak Reference
    _clock_init                               - Undefined Weak Reference
    _fp_trap_init                             - Undefined Weak Reference
    _fp_trap_shutdown                         - Undefined Weak Reference
    _get_lc_collate                           - Undefined Weak Reference
    _get_lc_monetary                          - Undefined Weak Reference
    _get_lc_time                              - Undefined Weak Reference
    _getenv_init                              - Undefined Weak Reference
    _handle_redirection                       - Undefined Weak Reference
    _init_alloc                               - Undefined Weak Reference
    _init_user_alloc                          - Undefined Weak Reference
    _initio                                   - Undefined Weak Reference
    _printf_post_padding                      - Undefined Weak Reference
    _printf_pre_padding                       - Undefined Weak Reference
    _printf_truncate_signed                   - Undefined Weak Reference
    _printf_truncate_unsigned                 - Undefined Weak Reference
    _rand_init                                - Undefined Weak Reference
    _signal_finish                            - Undefined Weak Reference
    _signal_init                              - Undefined Weak Reference
    _terminate_alloc                          - Undefined Weak Reference
    _terminate_user_alloc                     - Undefined Weak Reference
    _terminateio                              - Undefined Weak Reference
    Reset_Handler                            0x00100058   ARM Code       0  sam7.o(RESET)
    __main                                   0x0010014c   ARM Code       8  __main.o(!!!main)
    __scatterload                            0x00100154   ARM Code       0  __scatter.o(!!!scatter)
    __scatterload_rt2                        0x00100154   ARM Code      52  __scatter.o(!!!scatter)
    __scatterload_null                       0x00100168   ARM Code       0  __scatter.o(!!!scatter)
    __scatterload_copy                       0x00100190   ARM Code      40  __scatter_copy.o(!!handler_copy)
    __scatterload_zeroinit                   0x001001b8   ARM Code      44  __scatter_zi.o(!!handler_zi)
    Inline Thumb to ARM Veneer to _printf_percent 0x001001e5   Thumb Code     4  _printf_percent.o(.ARM.Collect$$_printf_percent$$00000000)
    _printf_f                                0x001001e8   ARM Code       0  _printf_f.o(.ARM.Collect$$_printf_percent$$00000003)
    _printf_percent                          0x001001e8   ARM Code       0  _printf_percent.o(.ARM.Collect$$_printf_percent$$00000000)
    _printf_d                                0x001001f0   ARM Code       0  _printf_d.o(.ARM.Collect$$_printf_percent$$00000009)
    _printf_percent_end                      0x001001f8   ARM Code       0  _printf_percent_end.o(.ARM.Collect$$_printf_percent$$00000017)
    Inline ARM to Thumb Veneer to __rt_lib_init 0x00100200   ARM Code       8  libinit.o(.ARM.Collect$$libinit$$00000000)
    __rt_lib_init                            0x00100209   Thumb Code     0  libinit.o(.ARM.Collect$$libinit$$00000000)
    __rt_lib_init_fp_1                       0x0010020b   Thumb Code     0  libinit2.o(.ARM.Collect$$libinit$$00000002)
    __rt_lib_init_heap_1                     0x0010020b   Thumb Code     0  libinit2.o(.ARM.Collect$$libinit$$0000000A)
    __rt_lib_init_lc_common                  0x0010020b   Thumb Code     0  libinit2.o(.ARM.Collect$$libinit$$0000000F)
    __rt_lib_init_preinit_1                  0x0010020b   Thumb Code     0  libinit2.o(.ARM.Collect$$libinit$$00000004)
    __rt_lib_init_rand_1                     0x0010020b   Thumb Code     0  libinit2.o(.ARM.Collect$$libinit$$0000000E)
    __rt_lib_init_user_alloc_1               0x0010020b   Thumb Code     0  libinit2.o(.ARM.Collect$$libinit$$0000000C)
    __rt_lib_init_lc_collate_1               0x00100211   Thumb Code     0  libinit2.o(.ARM.Collect$$libinit$$00000011)
    __rt_lib_init_lc_ctype_2                 0x00100211   Thumb Code     0  libinit2.o(.ARM.Collect$$libinit$$00000012)
    __rt_lib_init_lc_ctype_1                 0x0010021d   Thumb Code     0  libinit2.o(.ARM.Collect$$libinit$$00000013)
    __rt_lib_init_lc_monetary_1              0x0010021d   Thumb Code     0  libinit2.o(.ARM.Collect$$libinit$$00000015)
    __rt_lib_init_lc_numeric_2               0x0010021d   Thumb Code     0  libinit2.o(.ARM.Collect$$libinit$$00000016)
    __rt_lib_init_alloca_1                   0x00100227   Thumb Code     0  libinit2.o(.ARM.Collect$$libinit$$0000002E)
    __rt_lib_init_argv_1                     0x00100227   Thumb Code     0  libinit2.o(.ARM.Collect$$libinit$$0000002C)
    __rt_lib_init_atexit_1                   0x00100227   Thumb Code     0  libinit2.o(.ARM.Collect$$libinit$$0000001B)
    __rt_lib_init_clock_1                    0x00100227   Thumb Code     0  libinit2.o(.ARM.Collect$$libinit$$00000021)
    __rt_lib_init_cpp_1                      0x00100227   Thumb Code     0  libinit2.o(.ARM.Collect$$libinit$$00000032)
    __rt_lib_init_exceptions_1               0x00100227   Thumb Code     0  libinit2.o(.ARM.Collect$$libinit$$00000030)
    __rt_lib_init_fp_trap_1                  0x00100227   Thumb Code     0  libinit2.o(.ARM.Collect$$libinit$$0000001F)
    __rt_lib_init_getenv_1                   0x00100227   Thumb Code     0  libinit2.o(.ARM.Collect$$libinit$$00000023)
    __rt_lib_init_lc_numeric_1               0x00100227   Thumb Code     0  libinit2.o(.ARM.Collect$$libinit$$00000017)
    __rt_lib_init_lc_time_1                  0x00100227   Thumb Code     0  libinit2.o(.ARM.Collect$$libinit$$00000019)
    __rt_lib_init_return                     0x00100227   Thumb Code     0  libinit2.o(.ARM.Collect$$libinit$$00000033)
    __rt_lib_init_signal_1                   0x00100227   Thumb Code     0  libinit2.o(.ARM.Collect$$libinit$$0000001D)
    __rt_lib_init_stdio_1                    0x00100227   Thumb Code     0  libinit2.o(.ARM.Collect$$libinit$$00000025)
    Inline ARM to Thumb Veneer to __rt_lib_shutdown 0x00100234   ARM Code       8  libshutdown.o(.ARM.Collect$$libshutdown$$00000000)
    __rt_lib_shutdown                        0x0010023d   Thumb Code     0  libshutdown.o(.ARM.Collect$$libshutdown$$00000000)
    __rt_lib_shutdown_cpp_1                  0x00100241   Thumb Code     0  libshutdown2.o(.ARM.Collect$$libshutdown$$00000002)
    __rt_lib_shutdown_fp_trap_1              0x00100241   Thumb Code     0  libshutdown2.o(.ARM.Collect$$libshutdown$$00000007)
    __rt_lib_shutdown_heap_1                 0x00100241   Thumb Code     0  libshutdown2.o(.ARM.Collect$$libshutdown$$0000000F)
    __rt_lib_shutdown_return                 0x00100241   Thumb Code     0  libshutdown2.o(.ARM.Collect$$libshutdown$$00000010)
    __rt_lib_shutdown_signal_1               0x00100241   Thumb Code     0  libshutdown2.o(.ARM.Collect$$libshutdown$$0000000A)
    __rt_lib_shutdown_stdio_1                0x00100241   Thumb Code     0  libshutdown2.o(.ARM.Collect$$libshutdown$$00000004)
    __rt_lib_shutdown_user_alloc_1           0x00100241   Thumb Code     0  libshutdown2.o(.ARM.Collect$$libshutdown$$0000000C)
    __rt_entry                               0x00100248   ARM Code       0  __rtentry.o(.ARM.Collect$$rtentry$$00000000)
    __rt_entry_presh_1                       0x00100248   ARM Code       0  __rtentry2.o(.ARM.Collect$$rtentry$$00000002)
    __rt_entry_sh                            0x00100248   ARM Code       0  __rtentry4.o(.ARM.Collect$$rtentry$$00000004)
    __rt_entry_li                            0x00100250   ARM Code       0  __rtentry2.o(.ARM.Collect$$rtentry$$0000000A)
    __rt_entry_postsh_1                      0x00100250   ARM Code       0  __rtentry2.o(.ARM.Collect$$rtentry$$00000009)
    __rt_entry_main                          0x00100254   ARM Code       0  __rtentry2.o(.ARM.Collect$$rtentry$$0000000D)
    __rt_entry_postli_1                      0x00100254   ARM Code       0  __rtentry2.o(.ARM.Collect$$rtentry$$0000000C)
    Inline Thumb to ARM Veneer to __rt_exit  0x0010027d   Thumb Code     4  rtexit.o(.ARM.Collect$$rtexit$$00000000)
    __rt_exit                                0x00100280   ARM Code       0  rtexit.o(.ARM.Collect$$rtexit$$00000000)
    __rt_exit_ls                             0x00100284   ARM Code       0  rtexit2.o(.ARM.Collect$$rtexit$$00000003)
    __rt_exit_prels_1                        0x00100284   ARM Code       0  rtexit2.o(.ARM.Collect$$rtexit$$00000002)
    __rt_exit_exit                           0x00100288   ARM Code       0  rtexit2.o(.ARM.Collect$$rtexit$$00000004)
    __user_initial_stackheap                 0x00100290   ARM Code       0  sam7.o(.text)
    Inline ARM to Thumb Veneer to __2sprintf 0x001002b0   ARM Code       8  noretval__2sprintf.o(.text)
    __2sprintf                               0x001002b9   Thumb Code    36  noretval__2sprintf.o(.text)
    Inline ARM to Thumb Veneer to _printf_int_dec 0x001002e0   ARM Code       8  _printf_dec.o(.text)
    _printf_int_dec                          0x001002e9   Thumb Code    94  _printf_dec.o(.text)
    __printf                                 0x00100359   Thumb Code   204  __printf_ss.o(.text)
    Inline ARM to Thumb Veneer to atoi       0x00100424   ARM Code       8  atoi.o(.text)
    atoi                                     0x0010042d   Thumb Code    30  atoi.o(.text)
    Inline Thumb to ARM Veneer to __aeabi_idivmod 0x0010044d   Thumb Code     4  aeabi_sdiv.o(.text)
    __aeabi_idiv                             0x00100450   ARM Code       0  aeabi_sdiv.o(.text)
    __aeabi_idivmod                          0x00100450   ARM Code     384  aeabi_sdiv.o(.text)
    __use_two_region_memory                  0x001005d1   Thumb Code     2  heapauxi.o(.text)
    __rt_heap_escrow$2region                 0x001005d3   Thumb Code     2  heapauxi.o(.text)
    __rt_heap_expand$2region                 0x001005d5   Thumb Code     2  heapauxi.o(.text)
    Inline Thumb to ARM Veneer to __aeabi_errno_addr 0x001005d9   Thumb Code     4  rt_errno_addr_intlibspace.o(.text)
    __aeabi_errno_addr                       0x001005dc   ARM Code      12  rt_errno_addr_intlibspace.o(.text)
    __errno$intlibspace                      0x001005dc   ARM Code       0  rt_errno_addr_intlibspace.o(.text)
    __rt_errno_addr$intlibspace              0x001005dc   ARM Code       0  rt_errno_addr_intlibspace.o(.text)
    Inline ARM to Thumb Veneer to __set_errno 0x001005e8   ARM Code       8  _rserrno.o(.text)
    __read_errno                             0x001005f1   Thumb Code    14  _rserrno.o(.text)
    __set_errno                              0x001005ff   Thumb Code    12  _rserrno.o(.text)
    _printf_int_common                       0x0010060b   Thumb Code   186  _printf_intcommon.o(.text)
    __lib_sel_fp_printf                      0x001006c5   Thumb Code     2  _printf_fp_dec.o(.text)
    _printf_fp_dec_real                      0x00100861   Thumb Code   628  _printf_fp_dec.o(.text)
    _printf_char_common                      0x00100aeb   Thumb Code    34  _printf_char_common.o(.text)
    _sputc                                   0x00100b11   Thumb Code    10  _sputc.o(.text)
    strtol                                   0x00100b1d   Thumb Code   112  strtol.o(.text)
    Inline Thumb to ARM Veneer to __rt_udiv10 0x00100b91   Thumb Code     4  rtudiv10.o(.text)
    __rt_udiv10                              0x00100b94   ARM Code      44  rtudiv10.o(.text)
    __user_libspace                          0x00100bc0   ARM Code      12  libspace.o(.text)
    __user_perproc_libspace                  0x00100bc0   ARM Code       0  libspace.o(.text)
    __user_perthread_libspace                0x00100bc0   ARM Code       0  libspace.o(.text)
    Inline Thumb to ARM Veneer to __rt_ctype_table 0x00100bcd   Thumb Code     4  rt_ctype_table.o(.text)
    __rt_ctype_table                         0x00100bd0   ARM Code      24  rt_ctype_table.o(.text)
    Inline Thumb to ARM Veneer to __rt_locale 0x00100be9   Thumb Code     4  rt_locale_intlibspace.o(.text)
    __rt_locale                              0x00100bec   ARM Code      12  rt_locale_intlibspace.o(.text)
    Inline Thumb to ARM Veneer to _ll_udiv10 0x00100bf9   Thumb Code     4  lludiv10.o(.text)
    _ll_udiv10                               0x00100bfc   ARM Code     160  lludiv10.o(.text)
    _printf_fp_infnan                        0x00100c9d   Thumb Code   128  _printf_fp_infnan.o(.text)
    _strtoul                                 0x00100d2d   Thumb Code   172  _strtoul.o(.text)
    _btod_etento                             0x00100dd9   Thumb Code   206  bigflt0.o(.text)
    __user_setup_stackheap                   0x00100eac   ARM Code      96  sys_stackheap_outer.o(.text)
    _chval                                   0x00100f0d   Thumb Code    30  _chval.o(.text)
    exit                                     0x00100f2b   Thumb Code    20  exit.o(.text)
    strcmp                                   0x00100f40   ARM Code     240  strcmp.o(.text)
    Inline ARM to Thumb Veneer to _sys_exit  0x00101034   ARM Code       8  sys_exit.o(.text)
    _sys_exit                                0x0010103d   Thumb Code     8  sys_exit.o(.text)
    __I$use$semihosting                      0x00101048   ARM Code       0  use_no_semi.o(.text)
    __use_no_semihosting_swi                 0x00101048   ARM Code       4  use_no_semi.o(.text)
    Inline Thumb to ARM Veneer to _btod_d2e  0x0010104d   Thumb Code     4  btod.o(CL$$btod_d2e)
    __semihosting_library_function           0x0010104c   ARM Code       0  indicate_semi.o(.text)
    _btod_d2e                                0x00101050   ARM Code      56  btod.o(CL$$btod_d2e)
    _d2e_denorm_low                          0x00101088   ARM Code      84  btod.o(CL$$btod_d2e_denorm_low)
    _d2e_norm_op1                            0x001010dc   ARM Code     104  btod.o(CL$$btod_d2e_norm_op1)
    __btod_div_common                        0x00101144   ARM Code     716  btod.o(CL$$btod_div_common)
    _e2e                                     0x00101490   ARM Code     220  btod.o(CL$$btod_e2e)
    Inline Thumb to ARM Veneer to _btod_ediv 0x0010156d   Thumb Code     4  btod.o(CL$$btod_ediv)
    _btod_ediv                               0x00101570   ARM Code      52  btod.o(CL$$btod_ediv)
    Inline Thumb to ARM Veneer to _btod_emul 0x001015a5   Thumb Code     4  btod.o(CL$$btod_emul)
    _btod_emul                               0x001015a8   ARM Code      52  btod.o(CL$$btod_emul)
    __btod_mult_common                       0x001015dc   ARM Code     616  btod.o(CL$$btod_mult_common)
    Long ARM to Thumb Veneer to _printf_fp_dec_real 0x00101844   ARM Code      12  anon$$obj.o(Veneer$$Code)
    __ARM_common_call_via_r1                 0x00101851   Thumb Code     2  __printf.o(i.__ARM_common_call_via_r1)
    __ARM_common_call_via_r2                 0x00101853   Thumb Code     2  __printf.o(i.__ARM_common_call_via_r2)
    Inline Thumb to ARM Veneer to __ARM_fpclassify 0x00101855   Thumb Code     4  fpclassify.o(i.__ARM_fpclassify)
    __ARM_fpclassify                         0x00101858   ARM Code      48  fpclassify.o(i.__ARM_fpclassify)
    addCharacter                             0x00101888   ARM Code      92  adc2.o(i.addCharacter)
    blink                                    0x001018ec   ARM Code      44  adc2.o(i.blink)
    delay0                                   0x0010191c   ARM Code      48  adc2.o(i.delay0)
    get_char                                 0x00101950   ARM Code      48  adc2.o(i.get_char)
    hasRecived                               0x00101984   ARM Code      40  adc2.o(i.hasRecived)
    main                                     0x001019b0   ARM Code     952  adc2.o(i.main)
    putString                                0x00101d68   ARM Code      48  adc2.o(i.putString)
    put_char                                 0x00101d98   ARM Code      40  adc2.o(i.put_char)
    setup                                    0x00101dc4   ARM Code     356  adc2.o(i.setup)
    sqrt                                     0x00101f44   ARM Code     112  sqrt.o(i.sqrt)
    Inline Thumb to ARM Veneer to _get_lc_numeric 0x00101fb5   Thumb Code     4  lc_numeric_c.o(locale$$code)
    _get_lc_numeric                          0x00101fb8   ARM Code      80  lc_numeric_c.o(locale$$code)
    Inline Thumb to ARM Veneer to _get_lc_ctype 0x00102009   Thumb Code     4  lc_ctype_c.o(locale$$code)
    _get_lc_ctype                            0x0010200c   ARM Code      80  lc_ctype_c.o(locale$$code)
    __aeabi_dadd                             0x0010205c   ARM Code       0  daddsub_noclz.o(x$fpl$dadd)
    _dadd                                    0x0010205c   ARM Code     336  daddsub_noclz.o(x$fpl$dadd)
    __aeabi_ddiv                             0x001021b0   ARM Code       0  ddiv.o(x$fpl$ddiv)
    _ddiv                                    0x001021b0   ARM Code     600  ddiv.o(x$fpl$ddiv)
    __aeabi_i2d                              0x00102490   ARM Code       0  dflt_noclz.o(x$fpl$dflt)
    _dflt                                    0x00102490   ARM Code      88  dflt_noclz.o(x$fpl$dflt)
    __dflt_normalise                         0x001024a0   ARM Code       0  dflt_noclz.o(x$fpl$dflt)
    __aeabi_dmul                             0x001024e8   ARM Code       0  dmul.o(x$fpl$dmul)
    _dmul                                    0x001024e8   ARM Code     372  dmul.o(x$fpl$dmul)
    __fpl_dnaninf                            0x00102668   ARM Code     192  dnaninf.o(x$fpl$dnaninf)
    __fpl_dretinf                            0x00102728   ARM Code      16  dretinf.o(x$fpl$dretinf)
    __aeabi_drsub                            0x00102738   ARM Code       0  daddsub_noclz.o(x$fpl$drsb)
    _drsb                                    0x00102738   ARM Code      24  daddsub_noclz.o(x$fpl$drsb)
    _dsqrt                                   0x00102750   ARM Code     516  dsqrt_noumaal.o(x$fpl$dsqrt)
    __aeabi_dsub                             0x00102958   ARM Code       0  daddsub_noclz.o(x$fpl$dsub)
    _dsub                                    0x00102958   ARM Code     576  daddsub_noclz.o(x$fpl$dsub)
    Inline Thumb to ARM Veneer to __ieee_status 0x00102b9d   Thumb Code     4  istatus.o(x$fpl$ieeestatus)
    __ieee_status                            0x00102ba0   ARM Code       8  istatus.o(x$fpl$ieeestatus)
    _printf_fp_dec                           0x00102ba8   ARM Code       4  printf1.o(x$fpl$printf1)
    __I$use$fp                               0x00102bac   Number         0  usenofp.o(x$fpl$usenofp)
    Region$$Table$$Base                      0x00102c40   Number         0  anon$$obj.o(Region$$Table)
    Region$$Table$$Limit                     0x00102c60   Number         0  anon$$obj.o(Region$$Table)
    __ctype                                  0x00102c89   Data           0  lc_ctype_c.o(locale$$data)
    TC_CCR                                   0x00200000   Data           4  adc2.o(.data)
    TC_CMR                                   0x00200004   Data           4  adc2.o(.data)
    TC_RA                                    0x00200008   Data           4  adc2.o(.data)
    TC_RC                                    0x0020000c   Data           4  adc2.o(.data)
    TC_SR                                    0x00200010   Data           4  adc2.o(.data)
    TC_BCR                                   0x00200014   Data           4  adc2.o(.data)
    TC_CV                                    0x00200018   Data           4  adc2.o(.data)
    ADC_CR                                   0x0020001c   Data           4  adc2.o(.data)
    ADC_CDR0                                 0x00200020   Data           4  adc2.o(.data)
    ADC_SR                                   0x00200024   Data           4  adc2.o(.data)
    ADC_LCDR                                 0x00200028   Data           4  adc2.o(.data)
    __libspace_start                         0x00200064   Data          96  libspace.o(.bss)
    __temporary_stack_top$libspace           0x002000c4   Data           0  libspace.o(.bss)



==============================================================================

Memory Map of the image

  Image Entry point : 0x0010014c

  Load Region LR_IROM1 (Base: 0x00100000, Size: 0x00002dbc, Max: 0x00010000, ABSOLUTE)

    Execution Region ER_IROM1 (Base: 0x00100000, Size: 0x00002d8c, Max: 0x00010000, ABSOLUTE)

    Base Addr    Size         Type   Attr      Idx    E Section Name        Object

    0x00100000   0x0000014c   Code   RO            3    RESET               sam7.o
    0x0010014c   0x00000008   Code   RO          153  * !!!main             c_t.l(__main.o)
    0x00100154   0x0000003c   Code   RO          435    !!!scatter          c_t.l(__scatter.o)
    0x00100190   0x00000028   Code   RO          437    !!handler_copy      c_t.l(__scatter_copy.o)
    0x001001b8   0x0000002c   Code   RO          439    !!handler_zi        c_t.l(__scatter_zi.o)
    0x001001e4   0x00000004   Ven    RO          132    .ARM.Collect$$_printf_percent$$00000000  c_t.l(_printf_percent.o)
    0x001001e8   0x00000000   Code   RO          132    .ARM.Collect$$_printf_percent$$00000000  c_t.l(_printf_percent.o)
    0x001001e8   0x00000008   Code   RO          131    .ARM.Collect$$_printf_percent$$00000003  c_t.l(_printf_f.o)
    0x001001f0   0x00000008   Code   RO          130    .ARM.Collect$$_printf_percent$$00000009  c_t.l(_printf_d.o)
    0x001001f8   0x00000008   Code   RO          201    .ARM.Collect$$_printf_percent$$00000017  c_t.l(_printf_percent_end.o)
    0x00100200   0x00000008   Ven    RO          308    .ARM.Collect$$libinit$$00000000  c_t.l(libinit.o)
    0x00100208   0x00000002   Code   RO          308    .ARM.Collect$$libinit$$00000000  c_t.l(libinit.o)
    0x0010020a   0x00000000   Code   RO          310    .ARM.Collect$$libinit$$00000002  c_t.l(libinit2.o)
    0x0010020a   0x00000000   Code   RO          312    .ARM.Collect$$libinit$$00000004  c_t.l(libinit2.o)
    0x0010020a   0x00000000   Code   RO          315    .ARM.Collect$$libinit$$0000000A  c_t.l(libinit2.o)
    0x0010020a   0x00000000   Code   RO          317    .ARM.Collect$$libinit$$0000000C  c_t.l(libinit2.o)
    0x0010020a   0x00000000   Code   RO          319    .ARM.Collect$$libinit$$0000000E  c_t.l(libinit2.o)
    0x0010020a   0x00000006   Code   RO          320    .ARM.Collect$$libinit$$0000000F  c_t.l(libinit2.o)
    0x00100210   0x00000000   Code   RO          322    .ARM.Collect$$libinit$$00000011  c_t.l(libinit2.o)
    0x00100210   0x0000000c   Code   RO          323    .ARM.Collect$$libinit$$00000012  c_t.l(libinit2.o)
    0x0010021c   0x00000000   Code   RO          324    .ARM.Collect$$libinit$$00000013  c_t.l(libinit2.o)
    0x0010021c   0x00000000   Code   RO          326    .ARM.Collect$$libinit$$00000015  c_t.l(libinit2.o)
    0x0010021c   0x0000000a   Code   RO          327    .ARM.Collect$$libinit$$00000016  c_t.l(libinit2.o)
    0x00100226   0x00000000   Code   RO          328    .ARM.Collect$$libinit$$00000017  c_t.l(libinit2.o)
    0x00100226   0x00000000   Code   RO          330    .ARM.Collect$$libinit$$00000019  c_t.l(libinit2.o)
    0x00100226   0x00000000   Code   RO          332    .ARM.Collect$$libinit$$0000001B  c_t.l(libinit2.o)
    0x00100226   0x00000000   Code   RO          334    .ARM.Collect$$libinit$$0000001D  c_t.l(libinit2.o)
    0x00100226   0x00000000   Code   RO          336    .ARM.Collect$$libinit$$0000001F  c_t.l(libinit2.o)
    0x00100226   0x00000000   Code   RO          338    .ARM.Collect$$libinit$$00000021  c_t.l(libinit2.o)
    0x00100226   0x00000000   Code   RO          340    .ARM.Collect$$libinit$$00000023  c_t.l(libinit2.o)
    0x00100226   0x00000000   Code   RO          342    .ARM.Collect$$libinit$$00000025  c_t.l(libinit2.o)
    0x00100226   0x00000000   Code   RO          346    .ARM.Collect$$libinit$$0000002C  c_t.l(libinit2.o)
    0x00100226   0x00000000   Code   RO          348    .ARM.Collect$$libinit$$0000002E  c_t.l(libinit2.o)
    0x00100226   0x00000000   Code   RO          350    .ARM.Collect$$libinit$$00000030  c_t.l(libinit2.o)
    0x00100226   0x00000000   Code   RO          352    .ARM.Collect$$libinit$$00000032  c_t.l(libinit2.o)
    0x00100226   0x0000000c   Code   RO          353    .ARM.Collect$$libinit$$00000033  c_t.l(libinit2.o)
    0x00100232   0x00000002   PAD
    0x00100234   0x00000008   Ven    RO          400    .ARM.Collect$$libshutdown$$00000000  c_t.l(libshutdown.o)
    0x0010023c   0x00000004   Code   RO          400    .ARM.Collect$$libshutdown$$00000000  c_t.l(libshutdown.o)
    0x00100240   0x00000000   Code   RO          418    .ARM.Collect$$libshutdown$$00000002  c_t.l(libshutdown2.o)
    0x00100240   0x00000000   Code   RO          420    .ARM.Collect$$libshutdown$$00000004  c_t.l(libshutdown2.o)
    0x00100240   0x00000000   Code   RO          423    .ARM.Collect$$libshutdown$$00000007  c_t.l(libshutdown2.o)
    0x00100240   0x00000000   Code   RO          426    .ARM.Collect$$libshutdown$$0000000A  c_t.l(libshutdown2.o)
    0x00100240   0x00000000   Code   RO          428    .ARM.Collect$$libshutdown$$0000000C  c_t.l(libshutdown2.o)
    0x00100240   0x00000000   Code   RO          431    .ARM.Collect$$libshutdown$$0000000F  c_t.l(libshutdown2.o)
    0x00100240   0x00000006   Code   RO          432    .ARM.Collect$$libshutdown$$00000010  c_t.l(libshutdown2.o)
    0x00100246   0x00000002   PAD
    0x00100248   0x00000000   Code   RO          181    .ARM.Collect$$rtentry$$00000000  c_t.l(__rtentry.o)
    0x00100248   0x00000000   Code   RO          219    .ARM.Collect$$rtentry$$00000002  c_t.l(__rtentry2.o)
    0x00100248   0x00000008   Code   RO          231    .ARM.Collect$$rtentry$$00000004  c_t.l(__rtentry4.o)
    0x00100250   0x00000000   Code   RO          221    .ARM.Collect$$rtentry$$00000009  c_t.l(__rtentry2.o)
    0x00100250   0x00000004   Code   RO          222    .ARM.Collect$$rtentry$$0000000A  c_t.l(__rtentry2.o)
    0x00100254   0x00000000   Code   RO          224    .ARM.Collect$$rtentry$$0000000C  c_t.l(__rtentry2.o)
    0x00100254   0x00000028   Code   RO          225    .ARM.Collect$$rtentry$$0000000D  c_t.l(__rtentry2.o)
    0x0010027c   0x00000004   Ven    RO          354    .ARM.Collect$$rtexit$$00000000  c_t.l(rtexit.o)
    0x00100280   0x00000004   Code   RO          354    .ARM.Collect$$rtexit$$00000000  c_t.l(rtexit.o)
    0x00100284   0x00000000   Code   RO          369    .ARM.Collect$$rtexit$$00000002  c_t.l(rtexit2.o)
    0x00100284   0x00000004   Code   RO          370    .ARM.Collect$$rtexit$$00000003  c_t.l(rtexit2.o)
    0x00100288   0x00000008   Code   RO          371    .ARM.Collect$$rtexit$$00000004  c_t.l(rtexit2.o)
    0x00100290   0x00000020   Code   RO            4    .text               sam7.o
    0x001002b0   0x00000008   Ven    RO          100    .text               c_t.l(noretval__2sprintf.o)
    0x001002b8   0x00000028   Code   RO          100    .text               c_t.l(noretval__2sprintf.o)
    0x001002e0   0x00000008   Ven    RO          108    .text               c_t.l(_printf_dec.o)
    0x001002e8   0x00000070   Code   RO          108    .text               c_t.l(_printf_dec.o)
    0x00100358   0x000000cc   Code   RO          113    .text               c_t.l(__printf_ss.o)
    0x00100424   0x00000008   Ven    RO          133    .text               c_t.l(atoi.o)
    0x0010042c   0x0000001e   Code   RO          133    .text               c_t.l(atoi.o)
    0x0010044a   0x00000002   PAD
    0x0010044c   0x00000004   Ven    RO          135    .text               c_t.l(aeabi_sdiv.o)
    0x00100450   0x00000180   Code   RO          135    .text               c_t.l(aeabi_sdiv.o)
    0x001005d0   0x00000006   Code   RO          151    .text               c_t.l(heapauxi.o)
    0x001005d6   0x00000002   PAD
    0x001005d8   0x00000004   Ven    RO          189    .text               c_t.l(rt_errno_addr_intlibspace.o)
    0x001005dc   0x0000000c   Code   RO          189    .text               c_t.l(rt_errno_addr_intlibspace.o)
    0x001005e8   0x00000008   Ven    RO          191    .text               c_t.l(_rserrno.o)
    0x001005f0   0x0000001a   Code   RO          191    .text               c_t.l(_rserrno.o)
    0x0010060a   0x000000ba   Code   RO          193    .text               c_t.l(_printf_intcommon.o)
    0x001006c4   0x0000041c   Code   RO          195    .text               c_t.l(_printf_fp_dec.o)
    0x00100ae0   0x00000030   Code   RO          197    .text               c_t.l(_printf_char_common.o)
    0x00100b10   0x0000000a   Code   RO          199    .text               c_t.l(_sputc.o)
    0x00100b1a   0x00000002   PAD
    0x00100b1c   0x00000074   Code   RO          202    .text               c_t.l(strtol.o)
    0x00100b90   0x00000004   Ven    RO          204    .text               c_t.l(rtudiv10.o)
    0x00100b94   0x0000002c   Code   RO          204    .text               c_t.l(rtudiv10.o)
    0x00100bc0   0x0000000c   Code   RO          215    .text               c_t.l(libspace.o)
    0x00100bcc   0x00000004   Ven    RO          233    .text               c_t.l(rt_ctype_table.o)
    0x00100bd0   0x00000018   Code   RO          233    .text               c_t.l(rt_ctype_table.o)
    0x00100be8   0x00000004   Ven    RO          240    .text               c_t.l(rt_locale_intlibspace.o)
    0x00100bec   0x0000000c   Code   RO          240    .text               c_t.l(rt_locale_intlibspace.o)
    0x00100bf8   0x00000004   Ven    RO          242    .text               c_t.l(lludiv10.o)
    0x00100bfc   0x000000a0   Code   RO          242    .text               c_t.l(lludiv10.o)
    0x00100c9c   0x00000090   Code   RO          244    .text               c_t.l(_printf_fp_infnan.o)
    0x00100d2c   0x000000ac   Code   RO          252    .text               c_t.l(_strtoul.o)
    0x00100dd8   0x000000d4   Code   RO          254    .text               c_t.l(bigflt0.o)
    0x00100eac   0x00000060   Code   RO          288    .text               c_t.l(sys_stackheap_outer.o)
    0x00100f0c   0x0000001e   Code   RO          290    .text               c_t.l(_chval.o)
    0x00100f2a   0x00000014   Code   RO          295    .text               c_t.l(exit.o)
    0x00100f3e   0x00000002   PAD
    0x00100f40   0x000000f4   Code   RO          301    .text               c_t.l(strcmp.o)
    0x00101034   0x00000008   Ven    RO          366    .text               c_t.l(sys_exit.o)
    0x0010103c   0x0000000c   Code   RO          366    .text               c_t.l(sys_exit.o)
    0x00101048   0x00000004   Code   RO          387    .text               c_t.l(use_no_semi.o)
    0x0010104c   0x00000000   Code   RO          389    .text               c_t.l(indicate_semi.o)
    0x0010104c   0x00000004   Ven    RO          257    CL$$btod_d2e        c_t.l(btod.o)
    0x00101050   0x00000038   Code   RO          257    CL$$btod_d2e        c_t.l(btod.o)
    0x00101088   0x00000054   Code   RO          259    CL$$btod_d2e_denorm_low  c_t.l(btod.o)
    0x001010dc   0x00000068   Code   RO          258    CL$$btod_d2e_norm_op1  c_t.l(btod.o)
    0x00101144   0x0000034c   Code   RO          267    CL$$btod_div_common  c_t.l(btod.o)
    0x00101490   0x000000dc   Code   RO          264    CL$$btod_e2e        c_t.l(btod.o)
    0x0010156c   0x00000004   Ven    RO          261    CL$$btod_ediv       c_t.l(btod.o)
    0x00101570   0x00000034   Code   RO          261    CL$$btod_ediv       c_t.l(btod.o)
    0x001015a4   0x00000004   Ven    RO          260    CL$$btod_emul       c_t.l(btod.o)
    0x001015a8   0x00000034   Code   RO          260    CL$$btod_emul       c_t.l(btod.o)
    0x001015dc   0x00000268   Code   RO          266    CL$$btod_mult_common  c_t.l(btod.o)
    0x00101844   0x0000000c   Ven    RO          463    Veneer$$Code        anon$$obj.o
    0x00101850   0x00000002   Code   RO          106    i.__ARM_common_call_via_r1  c_t.l(__printf.o)
    0x00101852   0x00000002   Code   RO          104    i.__ARM_common_call_via_r2  c_t.l(__printf.o)
    0x00101854   0x00000004   Ven    RO          286    i.__ARM_fpclassify  m_ts.l(fpclassify.o)
    0x00101858   0x00000030   Code   RO          286    i.__ARM_fpclassify  m_ts.l(fpclassify.o)
    0x00101888   0x00000064   Code   RO           11    i.addCharacter      adc2.o
    0x001018ec   0x00000030   Code   RO           12    i.blink             adc2.o
    0x0010191c   0x00000034   Code   RO           13    i.delay0            adc2.o
    0x00101950   0x00000034   Code   RO           14    i.get_char          adc2.o
    0x00101984   0x0000002c   Code   RO           15    i.hasRecived        adc2.o
    0x001019b0   0x000003b8   Code   RO           17    i.main              adc2.o
    0x00101d68   0x00000030   Code   RO           18    i.putString         adc2.o
    0x00101d98   0x0000002c   Code   RO           19    i.put_char          adc2.o
    0x00101dc4   0x00000180   Code   RO           20    i.setup             adc2.o
    0x00101f44   0x00000070   Code   RO          174    i.sqrt              m_ts.l(sqrt.o)
    0x00101fb4   0x00000004   Ven    RO          280    locale$$code        c_t.l(lc_numeric_c.o)
    0x00101fb8   0x00000050   Code   RO          280    locale$$code        c_t.l(lc_numeric_c.o)
    0x00102008   0x00000004   Ven    RO          293    locale$$code        c_t.l(lc_ctype_c.o)
    0x0010200c   0x00000050   Code   RO          293    locale$$code        c_t.l(lc_ctype_c.o)
    0x0010205c   0x00000154   Code   RO          155    x$fpl$dadd          fz_ts.l(daddsub_noclz.o)
    0x001021b0   0x000002e0   Code   RO          162    x$fpl$ddiv          fz_ts.l(ddiv.o)
    0x00102490   0x00000058   Code   RO          166    x$fpl$dflt          fz_ts.l(dflt_noclz.o)
    0x001024e8   0x00000180   Code   RO          169    x$fpl$dmul          fz_ts.l(dmul.o)
    0x00102668   0x000000c0   Code   RO          208    x$fpl$dnaninf       fz_ts.l(dnaninf.o)
    0x00102728   0x00000010   Code   RO          210    x$fpl$dretinf       fz_ts.l(dretinf.o)
    0x00102738   0x00000018   Code   RO          156    x$fpl$drsb          fz_ts.l(daddsub_noclz.o)
    0x00102750   0x00000208   Code   RO          212    x$fpl$dsqrt         fz_ts.l(dsqrt_noumaal.o)
    0x00102958   0x00000244   Code   RO          157    x$fpl$dsub          fz_ts.l(daddsub_noclz.o)
    0x00102b9c   0x00000004   Ven    RO          284    x$fpl$ieeestatus    fz_ts.l(istatus.o)
    0x00102ba0   0x00000008   Code   RO          284    x$fpl$ieeestatus    fz_ts.l(istatus.o)
    0x00102ba8   0x00000004   Code   RO          171    x$fpl$printf1       fz_ts.l(printf1.o)
    0x00102bac   0x00000000   Code   RO          214    x$fpl$usenofp       fz_ts.l(usenofp.o)
    0x00102bac   0x00000094   Data   RO          255    .constdata          c_t.l(bigflt0.o)
    0x00102c40   0x00000020   Data   RO          433    Region$$Table       anon$$obj.o
    0x00102c60   0x0000001c   Data   RO          279    locale$$data        c_t.l(lc_numeric_c.o)
    0x00102c7c   0x00000110   Data   RO          292    locale$$data        c_t.l(lc_ctype_c.o)


    Execution Region RW_IRAM1 (Base: 0x00200000, Size: 0x00000550, Max: 0x00004000, ABSOLUTE)

    Base Addr    Size         Type   Attr      Idx    E Section Name        Object

    0x00200000   0x00000030   Data   RW           22    .data               adc2.o
    0x00200030   0x00000032   Zero   RW           21    .bss                adc2.o
    0x00200062   0x00000002   PAD
    0x00200064   0x00000060   Zero   RW          216    .bss                c_t.l(libspace.o)
    0x002000c4   0x00000004   PAD
    0x002000c8   0x00000000   Zero   RW            2    HEAP                sam7.o
    0x002000c8   0x00000488   Zero   RW            1    STACK               sam7.o


==============================================================================

Image component sizes


      Code (inc. data)   RO Data    RW Data    ZI Data      Debug   Object Name

      1724        236          0         48         50       7797   adc2.o
       364         80          0          0       1160        548   sam7.o

    ----------------------------------------------------------------------
      2100        320         32         48       1212       8345   Object Totals
        12          4         32          0          0          0   (incl. Generated)
         0          0          0          0          2          0   (incl. Padding)

    ----------------------------------------------------------------------

      Code (inc. data)   RO Data    RW Data    ZI Data      Debug   Library Member Name

         8          0          0          0          0         68   __main.o
         4          0          0          0          0        120   __printf.o
       204          0          0          0          0         88   __printf_ss.o
         0          0          0          0          0          0   __rtentry.o
        44          4          0          0          0          0   __rtentry2.o
         8          0          0          0          0          0   __rtentry4.o
        60          8          0          0          0          0   __scatter.o
        40          0          0          0          0          0   __scatter_copy.o
        44          0          0          0          0          0   __scatter_zi.o
        30          0          0          0          0         60   _chval.o
        48          4          0          0          0         96   _printf_char_common.o
         8          0          0          0          0          0   _printf_d.o
       120         18          0          0          0         88   _printf_dec.o
         8          0          0          0          0          0   _printf_f.o
      1052         12          0          0          0        188   _printf_fp_dec.o
       144         16          0          0          0         88   _printf_fp_infnan.o
       186          0          0          0          0         96   _printf_intcommon.o
         4          0          0          0          0          0   _printf_percent.o
         8          0          0          0          0          0   _printf_percent_end.o
        34          0          0          0          0        104   _rserrno.o
        10          0          0          0          0         60   _sputc.o
       172          0          0          0          0         96   _strtoul.o
       388          0          0          0          0         80   aeabi_sdiv.o
        38          0          0          0          0         84   atoi.o
       212          6        148          0          0         96   bigflt0.o
      2040        128          0          0          0        692   btod.o
        20          0          0          0          0         80   exit.o
         6          0          0          0          0        136   heapauxi.o
         0          0          0          0          0          0   indicate_semi.o
        84          8        272          0          0         92   lc_ctype_c.o
        84          8         28          0          0         92   lc_numeric_c.o
        10          0          0          0          0          0   libinit.o
        40          0          0          0          0          0   libinit2.o
        12          0          0          0          0          0   libshutdown.o
         6          0          0          0          0          0   libshutdown2.o
        12          4          0          0         96         68   libspace.o
       164          0          0          0          0         96   lludiv10.o
        48          4          0          0          0         84   noretval__2sprintf.o
        28          4          0          0          0         84   rt_ctype_table.o
        16          4          0          0          0         68   rt_errno_addr_intlibspace.o
        16          4          0          0          0         68   rt_locale_intlibspace.o
         8          0          0          0          0          0   rtexit.o
        12          0          0          0          0          0   rtexit2.o
        48          0          0          0          0         68   rtudiv10.o
       244          4          0          0          0         80   strcmp.o
       116          4          0          0          0         92   strtol.o
        20          4          0          0          0         60   sys_exit.o
        96          0          0          0          0         80   sys_stackheap_outer.o
         4          0          0          0          0         68   use_no_semi.o
       944         16          0          0          0        368   daddsub_noclz.o
       736        140          0          0          0        228   ddiv.o
        88          0          0          0          0         68   dflt_noclz.o
       384         16          0          0          0        124   dmul.o
       192          0          0          0          0        108   dnaninf.o
        16          0          0          0          0         68   dretinf.o
       520         56          0          0          0        144   dsqrt_noumaal.o
        12          0          0          0          0         68   istatus.o
         4          0          0          0          0         68   printf1.o
         0          0          0          0          0          0   usenofp.o
        52          0          0          0          0         68   fpclassify.o
       112          0          0          0          0        100   sqrt.o

    ----------------------------------------------------------------------
      9080        472        448          0        100       4832   Library Totals
        12          0          0          0          4          0   (incl. Padding)

    ----------------------------------------------------------------------

      Code (inc. data)   RO Data    RW Data    ZI Data      Debug   Library Name

      6008        244        448          0         96       3420   c_t.l
      2896        228          0          0          0       1244   fz_ts.l
       164          0          0          0          0        168   m_ts.l

    ----------------------------------------------------------------------
      9080        472        448          0        100       4832   Library Totals

    ----------------------------------------------------------------------

==============================================================================


      Code (inc. data)   RO Data    RW Data    ZI Data      Debug   

     11180        792        480         48       1312      10465   Grand Totals
     11180        792        480         48       1312      10465   ELF Image Totals
     11180        792        480         48          0          0   ROM Totals

==============================================================================

    Total RO  Size (Code + RO Data)                11660 (  11.39kB)
    Total RW  Size (RW Data + ZI Data)              1360 (   1.33kB)
    Total ROM Size (Code + RO Data + RW Data)      11708 (  11.43kB)

==============================================================================

