<html>
<body>
<pre>
<h1>µVision Build Log</h1>
<h2>Tool Versions:</h2>
IDE-Version: µVision V5.17.0.0
Copyright (C) 2015 ARM Ltd and ARM Germany GmbH. All rights reserved.
License Information: Majid kiaee, kiaee, LIC=X962Z-JLBZG-J6IQ9-4SYH2-8QH6I-C7058
 
Tool Versions:
Toolchain:       MDK-ARM Standard  Version: 5.17
Toolchain Path:  C:\Keil_v5\ARM\ARMCC\Bin
C Compiler:      Armcc.exe V5.06 update 1 (build 61)
Assembler:       Armasm.exe V5.06 update 1 (build 61)
Linker/Locator:  ArmLink.exe V5.06 update 1 (build 61)
Library Manager: ArmAr.exe V5.06 update 1 (build 61)
Hex Converter:   FromElf.exe V5.06 update 1 (build 61)
CPU DLL:         SARM.DLL V5.17
Dialog DLL:      DARMATS.DLL V1.20
Target DLL:      UL2ARM.DLL V1.74.7.0
Dialog DLL:      TARMATS.DLL V1.20
 
<h2>Project:</h2>
C:\Users\mjd.kiaee\Documents\keil\ADC_Timer2\ADC-Timer2.uvproj
Project File Date:  09/10/2019

<h2>Output:</h2>
*** Using Compiler 'V5.06 update 1 (build 61)', folder: 'C:\Keil_v5\ARM\ARMCC\Bin'
Build target 'Target 1'
linking...
Program Size: Code=11180 RO-data=480 RW-data=48 ZI-data=1312  
FromELF: creating hex file...
".\Objects\ADC-Timer2.axf" - 0 Error(s), 0 Warning(s).
Build Time Elapsed:  00:00:02
</pre>
</body>
</html>
