Component: ARM Compiler 5.06 update 1 (build 61) Tool: armlink [4d35a8]

==============================================================================

Section Cross References

    sam7.o(STACK) refers (Special) to heapauxi.o(.text) for __use_two_region_memory
    sam7.o(HEAP) refers (Special) to heapauxi.o(.text) for __use_two_region_memory
    sam7.o(RESET) refers (Special) to heapauxi.o(.text) for __use_two_region_memory
    sam7.o(RESET) refers to sam7.o(STACK) for Stack_Top
    sam7.o(RESET) refers to __main.o(!!!main) for __main
    sam7.o(.text) refers (Special) to heapauxi.o(.text) for __use_two_region_memory
    sam7.o(.text) refers to sam7.o(HEAP) for Heap_Mem
    sam7.o(.text) refers to sam7.o(STACK) for Stack_Mem
    asyncron putchar and getchar.o(i.HasReceived2) refers to asyncron putchar and getchar.o(.data) for writeCounter
    asyncron putchar and getchar.o(i.IRQ_Handler_sys) refers to asyncron putchar and getchar.o(.data) for writeCounter
    asyncron putchar and getchar.o(i.IRQ_Handler_sys) refers to asyncron putchar and getchar.o(.bss) for Buffer_int
    asyncron putchar and getchar.o(i.addCharacter) refers to asyncron putchar and getchar.o(.data) for counter
    asyncron putchar and getchar.o(i.addCharacter) refers to asyncron putchar and getchar.o(.bss) for buffer
    asyncron putchar and getchar.o(i.blink) refers to asyncron putchar and getchar.o(i.delay0) for delay0
    asyncron putchar and getchar.o(i.get_char_int) refers to asyncron putchar and getchar.o(.data) for writeCounter
    asyncron putchar and getchar.o(i.get_char_int) refers to asyncron putchar and getchar.o(.bss) for Buffer_int
    asyncron putchar and getchar.o(i.itoa) refers to aeabi_sdiv.o(.text) for __aeabi_idivmod
    asyncron putchar and getchar.o(i.keyBoard) refers to asyncron putchar and getchar.o(i.delay1) for delay1
    asyncron putchar and getchar.o(i.keyBoard) refers to asyncron putchar and getchar.o(.constdata) for .constdata
    asyncron putchar and getchar.o(i.main) refers to asyncron putchar and getchar.o(i.setup) for setup
    asyncron putchar and getchar.o(i.main) refers to asyncron putchar and getchar.o(i.putString) for putString
    asyncron putchar and getchar.o(i.main) refers to asyncron putchar and getchar.o(i.delay0) for delay0
    asyncron putchar and getchar.o(i.main) refers to asyncron putchar and getchar.o(i.hasRecived) for hasRecived
    asyncron putchar and getchar.o(i.main) refers to asyncron putchar and getchar.o(i.get_char) for get_char
    asyncron putchar and getchar.o(i.main) refers to asyncron putchar and getchar.o(i.put_char) for put_char
    asyncron putchar and getchar.o(i.main) refers to asyncron putchar and getchar.o(i.addCharacter) for addCharacter
    asyncron putchar and getchar.o(i.main) refers to asyncron putchar and getchar.o(i.keyBoard) for keyBoard
    asyncron putchar and getchar.o(i.main) refers to asyncron putchar and getchar.o(.data) for k
    asyncron putchar and getchar.o(i.putString) refers to asyncron putchar and getchar.o(i.put_char) for put_char
    asyncron putchar and getchar.o(i.put_char_int) refers to asyncron putchar and getchar.o(.data) for writeCounter2
    asyncron putchar and getchar.o(i.put_char_int) refers to asyncron putchar and getchar.o(.bss) for Buffer_int2
    asyncron putchar and getchar.o(i.setup) refers to asyncron putchar and getchar.o(i.IRQ_Handler_ADC) for IRQ_Handler_ADC
    asyncron putchar and getchar.o(i.setup) refers to asyncron putchar and getchar.o(i.IRQ_Handler_sys) for IRQ_Handler_sys
    aeabi_sdiv.o(.text_udiv) refers to aeabi_sdiv.o(.text) for __arm_div2
    aeabi_sdiv_div0.o(.text_udiv) refers to aeabi_sdiv_div0.o(.text) for __arm_div2
    __main.o(!!!main) refers to __rtentry.o(.ARM.Collect$$rtentry$$00000000) for __rt_entry
    __rtentry.o(.ARM.Collect$$rtentry$$00000000) refers (Special) to __rtentry2.o(.ARM.Collect$$rtentry$$0000000A) for __rt_entry_li
    __rtentry.o(.ARM.Collect$$rtentry$$00000000) refers (Special) to __rtentry2.o(.ARM.Collect$$rtentry$$0000000D) for __rt_entry_main
    __rtentry.o(.ARM.Collect$$rtentry$$00000000) refers (Special) to __rtentry2.o(.ARM.Collect$$rtentry$$0000000C) for __rt_entry_postli_1
    __rtentry.o(.ARM.Collect$$rtentry$$00000000) refers (Special) to __rtentry2.o(.ARM.Collect$$rtentry$$00000009) for __rt_entry_postsh_1
    __rtentry.o(.ARM.Collect$$rtentry$$00000000) refers (Special) to __rtentry2.o(.ARM.Collect$$rtentry$$00000002) for __rt_entry_presh_1
    __rtentry.o(.ARM.Collect$$rtentry$$00000000) refers (Special) to __rtentry4.o(.ARM.Collect$$rtentry$$00000004) for __rt_entry_sh
    aeabi_idiv0_sigfpe.o(.text) refers to rt_div0.o(.text) for __rt_div0
    __rtentry2.o(.ARM.Collect$$rtentry$$00000008) refers to boardinit2.o(.text) for _platform_post_stackheap_init
    __rtentry2.o(.ARM.Collect$$rtentry$$0000000A) refers to libinit.o(.ARM.Collect$$libinit$$00000000) for __rt_lib_init
    __rtentry2.o(.ARM.Collect$$rtentry$$0000000B) refers to boardinit3.o(.text) for _platform_post_lib_init
    __rtentry2.o(.ARM.Collect$$rtentry$$0000000D) refers to exit.o(.text) for exit
    __rtentry2.o(.ARM.Collect$$rtentry$$0000000D) refers to asyncron putchar and getchar.o(i.main) for main
    __rtentry2.o(.ARM.exidx) refers to __rtentry2.o(.ARM.Collect$$rtentry$$00000001) for .ARM.Collect$$rtentry$$00000001
    __rtentry2.o(.ARM.exidx) refers to __rtentry2.o(.ARM.Collect$$rtentry$$00000008) for .ARM.Collect$$rtentry$$00000008
    __rtentry2.o(.ARM.exidx) refers to __rtentry2.o(.ARM.Collect$$rtentry$$0000000A) for .ARM.Collect$$rtentry$$0000000A
    __rtentry2.o(.ARM.exidx) refers to __rtentry2.o(.ARM.Collect$$rtentry$$0000000B) for .ARM.Collect$$rtentry$$0000000B
    __rtentry2.o(.ARM.exidx) refers to __rtentry2.o(.ARM.Collect$$rtentry$$0000000D) for .ARM.Collect$$rtentry$$0000000D
    __rtentry4.o(.ARM.Collect$$rtentry$$00000004) refers to sys_stackheap_outer.o(.text) for __user_setup_stackheap
    __rtentry4.o(.ARM.exidx) refers to __rtentry4.o(.ARM.Collect$$rtentry$$00000004) for .ARM.Collect$$rtentry$$00000004
    rt_div0.o(.text) refers to defsig_fpe_outer.o(.text) for __rt_SIGFPE
    sys_stackheap_outer.o(.text) refers to libspace.o(.text) for __user_perproc_libspace
    sys_stackheap_outer.o(.text) refers to sam7.o(.text) for __user_initial_stackheap
    exit.o(.text) refers to rtexit.o(.ARM.Collect$$rtexit$$00000000) for __rt_exit
    defsig_fpe_outer.o(.text) refers to defsig_fpe_inner.o(.text) for __rt_SIGFPE_inner
    defsig_fpe_outer.o(.text) refers to defsig_exit.o(.text) for __sig_exit
    defsig_fpe_formal.o(.text) refers to rt_raise.o(.text) for __rt_raise
    libinit.o(.ARM.Collect$$libinit$$00000000) refers (Special) to libinit2.o(.ARM.Collect$$libinit$$0000002E) for __rt_lib_init_alloca_1
    libinit.o(.ARM.Collect$$libinit$$00000000) refers (Special) to libinit2.o(.ARM.Collect$$libinit$$0000002C) for __rt_lib_init_argv_1
    libinit.o(.ARM.Collect$$libinit$$00000000) refers (Special) to libinit2.o(.ARM.Collect$$libinit$$0000001B) for __rt_lib_init_atexit_1
    libinit.o(.ARM.Collect$$libinit$$00000000) refers (Special) to libinit2.o(.ARM.Collect$$libinit$$00000021) for __rt_lib_init_clock_1
    libinit.o(.ARM.Collect$$libinit$$00000000) refers (Special) to libinit2.o(.ARM.Collect$$libinit$$00000032) for __rt_lib_init_cpp_1
    libinit.o(.ARM.Collect$$libinit$$00000000) refers (Special) to libinit2.o(.ARM.Collect$$libinit$$00000030) for __rt_lib_init_exceptions_1
    libinit.o(.ARM.Collect$$libinit$$00000000) refers (Special) to libinit2.o(.ARM.Collect$$libinit$$00000002) for __rt_lib_init_fp_1
    libinit.o(.ARM.Collect$$libinit$$00000000) refers (Special) to libinit2.o(.ARM.Collect$$libinit$$0000001F) for __rt_lib_init_fp_trap_1
    libinit.o(.ARM.Collect$$libinit$$00000000) refers (Special) to libinit2.o(.ARM.Collect$$libinit$$00000023) for __rt_lib_init_getenv_1
    libinit.o(.ARM.Collect$$libinit$$00000000) refers (Special) to libinit2.o(.ARM.Collect$$libinit$$0000000A) for __rt_lib_init_heap_1
    libinit.o(.ARM.Collect$$libinit$$00000000) refers (Special) to libinit2.o(.ARM.Collect$$libinit$$00000011) for __rt_lib_init_lc_collate_1
    libinit.o(.ARM.Collect$$libinit$$00000000) refers (Special) to libinit2.o(.ARM.Collect$$libinit$$00000013) for __rt_lib_init_lc_ctype_1
    libinit.o(.ARM.Collect$$libinit$$00000000) refers (Special) to libinit2.o(.ARM.Collect$$libinit$$00000015) for __rt_lib_init_lc_monetary_1
    libinit.o(.ARM.Collect$$libinit$$00000000) refers (Special) to libinit2.o(.ARM.Collect$$libinit$$00000017) for __rt_lib_init_lc_numeric_1
    libinit.o(.ARM.Collect$$libinit$$00000000) refers (Special) to libinit2.o(.ARM.Collect$$libinit$$00000019) for __rt_lib_init_lc_time_1
    libinit.o(.ARM.Collect$$libinit$$00000000) refers (Special) to libinit2.o(.ARM.Collect$$libinit$$00000004) for __rt_lib_init_preinit_1
    libinit.o(.ARM.Collect$$libinit$$00000000) refers (Special) to libinit2.o(.ARM.Collect$$libinit$$0000000E) for __rt_lib_init_rand_1
    libinit.o(.ARM.Collect$$libinit$$00000000) refers (Special) to libinit2.o(.ARM.Collect$$libinit$$00000033) for __rt_lib_init_return
    libinit.o(.ARM.Collect$$libinit$$00000000) refers (Special) to libinit2.o(.ARM.Collect$$libinit$$0000001D) for __rt_lib_init_signal_1
    libinit.o(.ARM.Collect$$libinit$$00000000) refers (Special) to libinit2.o(.ARM.Collect$$libinit$$00000025) for __rt_lib_init_stdio_1
    libinit.o(.ARM.Collect$$libinit$$00000000) refers (Special) to libinit2.o(.ARM.Collect$$libinit$$0000000C) for __rt_lib_init_user_alloc_1
    libspace.o(.text) refers to libspace.o(.bss) for __libspace_start
    rtexit.o(.ARM.Collect$$rtexit$$00000000) refers (Special) to rtexit2.o(.ARM.Collect$$rtexit$$00000004) for __rt_exit_exit
    rtexit.o(.ARM.Collect$$rtexit$$00000000) refers (Special) to rtexit2.o(.ARM.Collect$$rtexit$$00000003) for __rt_exit_ls
    rtexit.o(.ARM.Collect$$rtexit$$00000000) refers (Special) to rtexit2.o(.ARM.Collect$$rtexit$$00000002) for __rt_exit_prels_1
    rtexit.o(.ARM.exidx) refers (Special) to rtexit2.o(.ARM.Collect$$rtexit$$00000004) for __rt_exit_exit
    rtexit.o(.ARM.exidx) refers (Special) to rtexit2.o(.ARM.Collect$$rtexit$$00000003) for __rt_exit_ls
    rtexit.o(.ARM.exidx) refers (Special) to rtexit2.o(.ARM.Collect$$rtexit$$00000002) for __rt_exit_prels_1
    rtexit.o(.ARM.exidx) refers to rtexit.o(.ARM.Collect$$rtexit$$00000000) for .ARM.Collect$$rtexit$$00000000
    rt_raise.o(.text) refers to __raise.o(.text) for __raise
    rt_raise.o(.text) refers to sys_exit.o(.text) for _sys_exit
    defsig_exit.o(.text) refers to sys_exit.o(.text) for _sys_exit
    defsig_fpe_inner.o(.text) refers to defsig_general.o(.text) for __default_signal_display
    libinit2.o(.ARM.Collect$$libinit$$00000001) refers to fpinit.o(x$fpl$fpinit) for _fp_init
    libinit2.o(.ARM.Collect$$libinit$$00000010) refers to libinit2.o(.ARM.Collect$$libinit$$0000000F) for .ARM.Collect$$libinit$$0000000F
    libinit2.o(.ARM.Collect$$libinit$$00000012) refers to libinit2.o(.ARM.Collect$$libinit$$0000000F) for .ARM.Collect$$libinit$$0000000F
    libinit2.o(.ARM.Collect$$libinit$$00000014) refers to libinit2.o(.ARM.Collect$$libinit$$0000000F) for .ARM.Collect$$libinit$$0000000F
    libinit2.o(.ARM.Collect$$libinit$$00000016) refers to libinit2.o(.ARM.Collect$$libinit$$0000000F) for .ARM.Collect$$libinit$$0000000F
    libinit2.o(.ARM.Collect$$libinit$$00000018) refers to libinit2.o(.ARM.Collect$$libinit$$0000000F) for .ARM.Collect$$libinit$$0000000F
    libinit2.o(.ARM.Collect$$libinit$$00000026) refers to argv_veneer.o(.emb_text) for __ARM_argv_veneer
    libinit2.o(.ARM.Collect$$libinit$$00000027) refers to argv_veneer.o(.emb_text) for __ARM_argv_veneer
    sys_exit.o(.text) refers (Special) to use_no_semi.o(.text) for __I$use$semihosting
    sys_exit.o(.text) refers (Special) to indicate_semi.o(.text) for __semihosting_library_function
    rtexit2.o(.ARM.Collect$$rtexit$$00000003) refers to libshutdown.o(.ARM.Collect$$libshutdown$$00000000) for __rt_lib_shutdown
    rtexit2.o(.ARM.Collect$$rtexit$$00000004) refers to sys_exit.o(.text) for _sys_exit
    rtexit2.o(.ARM.exidx) refers to rtexit2.o(.ARM.Collect$$rtexit$$00000001) for .ARM.Collect$$rtexit$$00000001
    rtexit2.o(.ARM.exidx) refers to rtexit2.o(.ARM.Collect$$rtexit$$00000003) for .ARM.Collect$$rtexit$$00000003
    rtexit2.o(.ARM.exidx) refers to rtexit2.o(.ARM.Collect$$rtexit$$00000004) for .ARM.Collect$$rtexit$$00000004
    __raise.o(.text) refers to __raise.o(i.__ARM_common_call_via_r2) for __ARM_common_call_via_r2
    __raise.o(.text) refers to defsig.o(CL$$defsig) for __default_signal_handler
    defsig_general.o(.text) refers to sys_wrch.o(.text) for _ttywrch
    argv_veneer.o(.emb_text) refers to no_argv.o(.text) for __ARM_get_argv
    sys_wrch.o(.text) refers (Special) to use_no_semi.o(.text) for __I$use$semihosting
    sys_wrch.o(.text) refers (Special) to indicate_semi.o(.text) for __semihosting_library_function
    defsig.o(CL$$defsig) refers to defsig_fpe_inner.o(.text) for __rt_SIGFPE_inner
    defsig.o(CL$$defsig) refers to defsig_rtmem_inner.o(.text) for __rt_SIGRTMEM_inner
    _get_argv_nomalloc.o(.text) refers (Special) to hrguard.o(.text) for __heap_region$guard
    _get_argv_nomalloc.o(.text) refers to defsig_rtmem_outer.o(.text) for __rt_SIGRTMEM
    _get_argv_nomalloc.o(.text) refers to sys_command.o(.text) for _sys_command_string
    libshutdown.o(.ARM.Collect$$libshutdown$$00000000) refers (Special) to libshutdown2.o(.ARM.Collect$$libshutdown$$00000002) for __rt_lib_shutdown_cpp_1
    libshutdown.o(.ARM.Collect$$libshutdown$$00000000) refers (Special) to libshutdown2.o(.ARM.Collect$$libshutdown$$00000007) for __rt_lib_shutdown_fp_trap_1
    libshutdown.o(.ARM.Collect$$libshutdown$$00000000) refers (Special) to libshutdown2.o(.ARM.Collect$$libshutdown$$0000000F) for __rt_lib_shutdown_heap_1
    libshutdown.o(.ARM.Collect$$libshutdown$$00000000) refers (Special) to libshutdown2.o(.ARM.Collect$$libshutdown$$00000010) for __rt_lib_shutdown_return
    libshutdown.o(.ARM.Collect$$libshutdown$$00000000) refers (Special) to libshutdown2.o(.ARM.Collect$$libshutdown$$0000000A) for __rt_lib_shutdown_signal_1
    libshutdown.o(.ARM.Collect$$libshutdown$$00000000) refers (Special) to libshutdown2.o(.ARM.Collect$$libshutdown$$00000004) for __rt_lib_shutdown_stdio_1
    libshutdown.o(.ARM.Collect$$libshutdown$$00000000) refers (Special) to libshutdown2.o(.ARM.Collect$$libshutdown$$0000000C) for __rt_lib_shutdown_user_alloc_1
    sys_command.o(.text) refers (Special) to use_no_semi.o(.text) for __I$use$semihosting
    sys_command.o(.text) refers (Special) to indicate_semi.o(.text) for __semihosting_library_function
    defsig_abrt_inner.o(.text) refers to defsig_general.o(.text) for __default_signal_display
    defsig_rtred_inner.o(.text) refers to defsig_general.o(.text) for __default_signal_display
    defsig_rtmem_inner.o(.text) refers to defsig_general.o(.text) for __default_signal_display
    defsig_rtmem_outer.o(.text) refers to defsig_rtmem_inner.o(.text) for __rt_SIGRTMEM_inner
    defsig_rtmem_outer.o(.text) refers to defsig_exit.o(.text) for __sig_exit
    defsig_rtmem_formal.o(.text) refers to rt_raise.o(.text) for __rt_raise
    defsig_stak_inner.o(.text) refers to defsig_general.o(.text) for __default_signal_display
    defsig_pvfn_inner.o(.text) refers to defsig_general.o(.text) for __default_signal_display
    defsig_cppl_inner.o(.text) refers to defsig_general.o(.text) for __default_signal_display
    defsig_segv_inner.o(.text) refers to defsig_general.o(.text) for __default_signal_display
    defsig_other.o(.text) refers to defsig_general.o(.text) for __default_signal_display


==============================================================================

Removing Unused input sections from the image.

    Removing asyncron putchar and getchar.o(i.HasReceived2), (76 bytes).
    Removing asyncron putchar and getchar.o(i.blink), (48 bytes).
    Removing asyncron putchar and getchar.o(i.get_char_int), (140 bytes).
    Removing asyncron putchar and getchar.o(i.itoa), (172 bytes).
    Removing asyncron putchar and getchar.o(i.put_char_int), (92 bytes).

5 unused section(s) (total 528 bytes) removed from the image.

==============================================================================

Adding Veneers to the image

    Adding AT veneer (8 bytes, Inline) for call to '__rt_lib_init' from __rtentry2.o(.ARM.Collect$$rtentry$$0000000A).
    Adding AT veneer (8 bytes, Inline) for call to '__rt_lib_shutdown' from rtexit2.o(.ARM.Collect$$rtexit$$00000003).
    Adding TA veneer (4 bytes, Inline) for call to '__rt_exit' from exit.o(.text).
    Adding AT veneer (8 bytes, Inline) for call to '_sys_exit' from rtexit2.o(.ARM.Collect$$rtexit$$00000004).

4 Veneer(s) (total 28 bytes) added to the image.

==============================================================================

Image Symbol Table

    Local Symbols

    Symbol Name                              Value     Ov Type        Size  Object(Section)

    ../clib/angel/boardlib.s                 0x00000000   Number         0  boardinit1.o ABSOLUTE
    ../clib/angel/boardlib.s                 0x00000000   Number         0  boardinit2.o ABSOLUTE
    ../clib/angel/boardlib.s                 0x00000000   Number         0  boardinit3.o ABSOLUTE
    ../clib/angel/boardlib.s                 0x00000000   Number         0  boardshut.o ABSOLUTE
    ../clib/angel/handlers.s                 0x00000000   Number         0  __scatter_copy.o ABSOLUTE
    ../clib/angel/handlers.s                 0x00000000   Number         0  __scatter_zi.o ABSOLUTE
    ../clib/angel/kernel.s                   0x00000000   Number         0  rtexit2.o ABSOLUTE
    ../clib/angel/kernel.s                   0x00000000   Number         0  __rtentry4.o ABSOLUTE
    ../clib/angel/kernel.s                   0x00000000   Number         0  __rtentry2.o ABSOLUTE
    ../clib/angel/kernel.s                   0x00000000   Number         0  rtexit.o ABSOLUTE
    ../clib/angel/kernel.s                   0x00000000   Number         0  __rtentry.o ABSOLUTE
    ../clib/angel/rt.s                       0x00000000   Number         0  rt_raise.o ABSOLUTE
    ../clib/angel/rt.s                       0x00000000   Number         0  rt_div0.o ABSOLUTE
    ../clib/angel/rt.s                       0x00000000   Number         0  aeabi_idiv0_sigfpe.o ABSOLUTE
    ../clib/angel/rt.s                       0x00000000   Number         0  aeabi_idiv0.o ABSOLUTE
    ../clib/angel/scatter.s                  0x00000000   Number         0  __scatter.o ABSOLUTE
    ../clib/angel/startup.s                  0x00000000   Number         0  __main.o ABSOLUTE
    ../clib/angel/sys.s                      0x00000000   Number         0  use_no_semi.o ABSOLUTE
    ../clib/angel/sys.s                      0x00000000   Number         0  libspace.o ABSOLUTE
    ../clib/angel/sys.s                      0x00000000   Number         0  sys_stackheap_outer.o ABSOLUTE
    ../clib/angel/sys.s                      0x00000000   Number         0  indicate_semi.o ABSOLUTE
    ../clib/angel/sysapp.c                   0x00000000   Number         0  sys_command.o ABSOLUTE
    ../clib/angel/sysapp.c                   0x00000000   Number         0  sys_wrch.o ABSOLUTE
    ../clib/angel/sysapp.c                   0x00000000   Number         0  sys_exit.o ABSOLUTE
    ../clib/armsys.c                         0x00000000   Number         0  _get_argv_nomalloc.o ABSOLUTE
    ../clib/armsys.c                         0x00000000   Number         0  argv_veneer.o ABSOLUTE
    ../clib/armsys.c                         0x00000000   Number         0  argv_veneer.o ABSOLUTE
    ../clib/armsys.c                         0x00000000   Number         0  no_argv.o ABSOLUTE
    ../clib/division.s                       0x00000000   Number         0  aeabi_sdiv.o ABSOLUTE
    ../clib/division.s                       0x00000000   Number         0  aeabi_sdiv_div0.o ABSOLUTE
    ../clib/divrt.s                          0x00000000   Number         0  divrt_7tdmi.o ABSOLUTE
    ../clib/divrt.s                          0x00000000   Number         0  divrt_7tdmi_div0.o ABSOLUTE
    ../clib/heapalloc.c                      0x00000000   Number         0  hrguard.o ABSOLUTE
    ../clib/heapaux.c                        0x00000000   Number         0  heapauxi.o ABSOLUTE
    ../clib/libinit.s                        0x00000000   Number         0  libshutdown.o ABSOLUTE
    ../clib/libinit.s                        0x00000000   Number         0  libinit.o ABSOLUTE
    ../clib/libinit.s                        0x00000000   Number         0  libshutdown2.o ABSOLUTE
    ../clib/libinit.s                        0x00000000   Number         0  libinit2.o ABSOLUTE
    ../clib/signal.c                         0x00000000   Number         0  defsig_rtmem_formal.o ABSOLUTE
    ../clib/signal.c                         0x00000000   Number         0  defsig_rtmem_outer.o ABSOLUTE
    ../clib/signal.c                         0x00000000   Number         0  defsig_rtmem_inner.o ABSOLUTE
    ../clib/signal.c                         0x00000000   Number         0  defsig_rtred_inner.o ABSOLUTE
    ../clib/signal.c                         0x00000000   Number         0  defsig_segv_inner.o ABSOLUTE
    ../clib/signal.c                         0x00000000   Number         0  __raise.o ABSOLUTE
    ../clib/signal.c                         0x00000000   Number         0  defsig_fpe_outer.o ABSOLUTE
    ../clib/signal.c                         0x00000000   Number         0  defsig_pvfn_inner.o ABSOLUTE
    ../clib/signal.c                         0x00000000   Number         0  defsig_fpe_formal.o ABSOLUTE
    ../clib/signal.c                         0x00000000   Number         0  defsig_fpe_inner.o ABSOLUTE
    ../clib/signal.c                         0x00000000   Number         0  defsig_exit.o ABSOLUTE
    ../clib/signal.c                         0x00000000   Number         0  defsig_other.o ABSOLUTE
    ../clib/signal.c                         0x00000000   Number         0  defsig_abrt_inner.o ABSOLUTE
    ../clib/signal.c                         0x00000000   Number         0  defsig_cppl_inner.o ABSOLUTE
    ../clib/signal.c                         0x00000000   Number         0  defsig_stak_inner.o ABSOLUTE
    ../clib/signal.c                         0x00000000   Number         0  defsig_general.o ABSOLUTE
    ../clib/signal.s                         0x00000000   Number         0  defsig.o ABSOLUTE
    ../clib/stdlib.c                         0x00000000   Number         0  exit.o ABSOLUTE
    ../fplib/fpinit.s                        0x00000000   Number         0  fpinit.o ABSOLUTE
    SAM7.s                                   0x00000000   Number         0  sam7.o ABSOLUTE
    asyncron putchar and getchar.c           0x00000000   Number         0  asyncron putchar and getchar.o ABSOLUTE
    dc.s                                     0x00000000   Number         0  dc.o ABSOLUTE
    RESET                                    0x00100000   Section      332  sam7.o(RESET)
    Undef_Handler                            0x00100040   ARM Code       4  sam7.o(RESET)
    SWI_Handler                              0x00100044   ARM Code       4  sam7.o(RESET)
    PAbt_Handler                             0x00100048   ARM Code       4  sam7.o(RESET)
    DAbt_Handler                             0x0010004c   ARM Code       4  sam7.o(RESET)
    IRQ_Handler                              0x00100050   ARM Code       4  sam7.o(RESET)
    FIQ_Handler                              0x00100054   ARM Code       4  sam7.o(RESET)
    !!!main                                  0x0010014c   Section        8  __main.o(!!!main)
    !!!scatter                               0x00100154   Section       60  __scatter.o(!!!scatter)
    !!handler_copy                           0x00100190   Section       40  __scatter_copy.o(!!handler_copy)
    !!handler_zi                             0x001001b8   Section       44  __scatter_zi.o(!!handler_zi)
    .ARM.Collect$$libinit$$00000000          0x001001ec   Section        2  libinit.o(.ARM.Collect$$libinit$$00000000)
    .ARM.Collect$$libinit$$00000002          0x001001ee   Section        0  libinit2.o(.ARM.Collect$$libinit$$00000002)
    .ARM.Collect$$libinit$$00000004          0x001001ee   Section        0  libinit2.o(.ARM.Collect$$libinit$$00000004)
    .ARM.Collect$$libinit$$0000000A          0x001001ee   Section        0  libinit2.o(.ARM.Collect$$libinit$$0000000A)
    .ARM.Collect$$libinit$$0000000C          0x001001ee   Section        0  libinit2.o(.ARM.Collect$$libinit$$0000000C)
    .ARM.Collect$$libinit$$0000000E          0x001001ee   Section        0  libinit2.o(.ARM.Collect$$libinit$$0000000E)
    .ARM.Collect$$libinit$$00000011          0x001001ee   Section        0  libinit2.o(.ARM.Collect$$libinit$$00000011)
    .ARM.Collect$$libinit$$00000013          0x001001ee   Section        0  libinit2.o(.ARM.Collect$$libinit$$00000013)
    .ARM.Collect$$libinit$$00000015          0x001001ee   Section        0  libinit2.o(.ARM.Collect$$libinit$$00000015)
    .ARM.Collect$$libinit$$00000017          0x001001ee   Section        0  libinit2.o(.ARM.Collect$$libinit$$00000017)
    .ARM.Collect$$libinit$$00000019          0x001001ee   Section        0  libinit2.o(.ARM.Collect$$libinit$$00000019)
    .ARM.Collect$$libinit$$0000001B          0x001001ee   Section        0  libinit2.o(.ARM.Collect$$libinit$$0000001B)
    .ARM.Collect$$libinit$$0000001D          0x001001ee   Section        0  libinit2.o(.ARM.Collect$$libinit$$0000001D)
    .ARM.Collect$$libinit$$0000001F          0x001001ee   Section        0  libinit2.o(.ARM.Collect$$libinit$$0000001F)
    .ARM.Collect$$libinit$$00000021          0x001001ee   Section        0  libinit2.o(.ARM.Collect$$libinit$$00000021)
    .ARM.Collect$$libinit$$00000023          0x001001ee   Section        0  libinit2.o(.ARM.Collect$$libinit$$00000023)
    .ARM.Collect$$libinit$$00000025          0x001001ee   Section        0  libinit2.o(.ARM.Collect$$libinit$$00000025)
    .ARM.Collect$$libinit$$0000002C          0x001001ee   Section        0  libinit2.o(.ARM.Collect$$libinit$$0000002C)
    .ARM.Collect$$libinit$$0000002E          0x001001ee   Section        0  libinit2.o(.ARM.Collect$$libinit$$0000002E)
    .ARM.Collect$$libinit$$00000030          0x001001ee   Section        0  libinit2.o(.ARM.Collect$$libinit$$00000030)
    .ARM.Collect$$libinit$$00000032          0x001001ee   Section        0  libinit2.o(.ARM.Collect$$libinit$$00000032)
    .ARM.Collect$$libinit$$00000033          0x001001ee   Section       12  libinit2.o(.ARM.Collect$$libinit$$00000033)
    .ARM.Collect$$libshutdown$$00000000      0x00100204   Section        4  libshutdown.o(.ARM.Collect$$libshutdown$$00000000)
    .ARM.Collect$$libshutdown$$00000002      0x00100208   Section        0  libshutdown2.o(.ARM.Collect$$libshutdown$$00000002)
    .ARM.Collect$$libshutdown$$00000004      0x00100208   Section        0  libshutdown2.o(.ARM.Collect$$libshutdown$$00000004)
    .ARM.Collect$$libshutdown$$00000007      0x00100208   Section        0  libshutdown2.o(.ARM.Collect$$libshutdown$$00000007)
    .ARM.Collect$$libshutdown$$0000000A      0x00100208   Section        0  libshutdown2.o(.ARM.Collect$$libshutdown$$0000000A)
    .ARM.Collect$$libshutdown$$0000000C      0x00100208   Section        0  libshutdown2.o(.ARM.Collect$$libshutdown$$0000000C)
    .ARM.Collect$$libshutdown$$0000000F      0x00100208   Section        0  libshutdown2.o(.ARM.Collect$$libshutdown$$0000000F)
    .ARM.Collect$$libshutdown$$00000010      0x00100208   Section        6  libshutdown2.o(.ARM.Collect$$libshutdown$$00000010)
    .ARM.Collect$$rtentry$$00000000          0x00100210   Section        0  __rtentry.o(.ARM.Collect$$rtentry$$00000000)
    .ARM.Collect$$rtentry$$00000002          0x00100210   Section        0  __rtentry2.o(.ARM.Collect$$rtentry$$00000002)
    .ARM.Collect$$rtentry$$00000004          0x00100210   Section        8  __rtentry4.o(.ARM.Collect$$rtentry$$00000004)
    .ARM.Collect$$rtentry$$00000009          0x00100218   Section        0  __rtentry2.o(.ARM.Collect$$rtentry$$00000009)
    .ARM.Collect$$rtentry$$0000000A          0x00100218   Section        4  __rtentry2.o(.ARM.Collect$$rtentry$$0000000A)
    .ARM.Collect$$rtentry$$0000000C          0x0010021c   Section        0  __rtentry2.o(.ARM.Collect$$rtentry$$0000000C)
    .ARM.Collect$$rtentry$$0000000D          0x0010021c   Section       40  __rtentry2.o(.ARM.Collect$$rtentry$$0000000D)
    .ARM.Collect$$rtexit$$00000000           0x00100248   Section        4  rtexit.o(.ARM.Collect$$rtexit$$00000000)
    .ARM.Collect$$rtexit$$00000002           0x0010024c   Section        0  rtexit2.o(.ARM.Collect$$rtexit$$00000002)
    .ARM.Collect$$rtexit$$00000003           0x0010024c   Section        4  rtexit2.o(.ARM.Collect$$rtexit$$00000003)
    .ARM.Collect$$rtexit$$00000004           0x00100250   Section        8  rtexit2.o(.ARM.Collect$$rtexit$$00000004)
    .text                                    0x00100258   Section       32  sam7.o(.text)
    .text                                    0x00100278   Section        0  heapauxi.o(.text)
    .text                                    0x00100280   Section       96  sys_stackheap_outer.o(.text)
    .text                                    0x001002e0   Section        0  exit.o(.text)
    .text                                    0x001002f4   Section       12  libspace.o(.text)
    .text                                    0x00100308   Section        0  sys_exit.o(.text)
    .text                                    0x00100314   Section        4  use_no_semi.o(.text)
    .text                                    0x00100318   Section        0  indicate_semi.o(.text)
    i.IRQ_Handler_ADC                        0x00100318   Section        0  asyncron putchar and getchar.o(i.IRQ_Handler_ADC)
    i.IRQ_Handler_sys                        0x00100334   Section        0  asyncron putchar and getchar.o(i.IRQ_Handler_sys)
    i.addCharacter                           0x00100474   Section        0  asyncron putchar and getchar.o(i.addCharacter)
    i.delay0                                 0x001004d8   Section        0  asyncron putchar and getchar.o(i.delay0)
    i.delay1                                 0x0010050c   Section        0  asyncron putchar and getchar.o(i.delay1)
    i.get_char                               0x00100538   Section        0  asyncron putchar and getchar.o(i.get_char)
    i.hasRecived                             0x0010056c   Section        0  asyncron putchar and getchar.o(i.hasRecived)
    i.keyBoard                               0x00100598   Section        0  asyncron putchar and getchar.o(i.keyBoard)
    i.main                                   0x001007f8   Section        0  asyncron putchar and getchar.o(i.main)
    i.putString                              0x00100908   Section        0  asyncron putchar and getchar.o(i.putString)
    i.put_char                               0x00100938   Section        0  asyncron putchar and getchar.o(i.put_char)
    i.setup                                  0x00100964   Section        0  asyncron putchar and getchar.o(i.setup)
    .constdata                               0x00100b80   Section       16  asyncron putchar and getchar.o(.constdata)
    .data                                    0x00200000   Section       92  asyncron putchar and getchar.o(.data)
    counter                                  0x00200058   Data           4  asyncron putchar and getchar.o(.data)
    .bss                                     0x0020005c   Section      250  asyncron putchar and getchar.o(.bss)
    buffer                                   0x00200124   Data          50  asyncron putchar and getchar.o(.bss)
    .bss                                     0x00200158   Section       96  libspace.o(.bss)
    HEAP                                     0x002001b8   Section        0  sam7.o(HEAP)
    STACK                                    0x002001b8   Section     1160  sam7.o(STACK)
    Heap_Mem                                 0x002001b8   Data           0  sam7.o(HEAP)
    Stack_Mem                                0x002001b8   Data        1024  sam7.o(STACK)
    Stack_Top                                0x00200640   Data           0  sam7.o(STACK)

    Global Symbols

    Symbol Name                              Value     Ov Type        Size  Object(Section)

    BuildAttributes$$THM_ISAv1$ARM_ISAv4$S$PE$A:L22$X:L11$S22$IEEE1$IW$USESV6$~STKCKD$USESV7$~SHL$OSPACE$ROPI$EBA8$UX$STANDARDLIB$REQ8$PRES8$EABIv2 0x00000000   Number         0  anon$$obj.o ABSOLUTE
    __ARM_use_no_argv                        0x00000000   Number         0  asyncron putchar and getchar.o ABSOLUTE
    __ARM_exceptions_init                     - Undefined Weak Reference
    __alloca_initialize                       - Undefined Weak Reference
    __arm_preinit_                            - Undefined Weak Reference
    __cpp_initialize__aeabi_                  - Undefined Weak Reference
    __cxa_finalize                            - Undefined Weak Reference
    __rt_locale                               - Undefined Weak Reference
    __sigvec_lookup                           - Undefined Weak Reference
    _atexit_init                              - Undefined Weak Reference
    _call_atexit_fns                          - Undefined Weak Reference
    _clock_init                               - Undefined Weak Reference
    _fp_trap_init                             - Undefined Weak Reference
    _fp_trap_shutdown                         - Undefined Weak Reference
    _get_lc_collate                           - Undefined Weak Reference
    _get_lc_ctype                             - Undefined Weak Reference
    _get_lc_monetary                          - Undefined Weak Reference
    _get_lc_numeric                           - Undefined Weak Reference
    _get_lc_time                              - Undefined Weak Reference
    _getenv_init                              - Undefined Weak Reference
    _handle_redirection                       - Undefined Weak Reference
    _init_alloc                               - Undefined Weak Reference
    _init_user_alloc                          - Undefined Weak Reference
    _initio                                   - Undefined Weak Reference
    _rand_init                                - Undefined Weak Reference
    _signal_finish                            - Undefined Weak Reference
    _signal_init                              - Undefined Weak Reference
    _terminate_alloc                          - Undefined Weak Reference
    _terminate_user_alloc                     - Undefined Weak Reference
    _terminateio                              - Undefined Weak Reference
    Reset_Handler                            0x00100058   ARM Code       0  sam7.o(RESET)
    __main                                   0x0010014c   ARM Code       8  __main.o(!!!main)
    __scatterload                            0x00100154   ARM Code       0  __scatter.o(!!!scatter)
    __scatterload_rt2                        0x00100154   ARM Code      52  __scatter.o(!!!scatter)
    __scatterload_null                       0x00100168   ARM Code       0  __scatter.o(!!!scatter)
    __scatterload_copy                       0x00100190   ARM Code      40  __scatter_copy.o(!!handler_copy)
    __scatterload_zeroinit                   0x001001b8   ARM Code      44  __scatter_zi.o(!!handler_zi)
    Inline ARM to Thumb Veneer to __rt_lib_init 0x001001e4   ARM Code       8  libinit.o(.ARM.Collect$$libinit$$00000000)
    __rt_lib_init                            0x001001ed   Thumb Code     0  libinit.o(.ARM.Collect$$libinit$$00000000)
    __rt_lib_init_alloca_1                   0x001001ef   Thumb Code     0  libinit2.o(.ARM.Collect$$libinit$$0000002E)
    __rt_lib_init_argv_1                     0x001001ef   Thumb Code     0  libinit2.o(.ARM.Collect$$libinit$$0000002C)
    __rt_lib_init_atexit_1                   0x001001ef   Thumb Code     0  libinit2.o(.ARM.Collect$$libinit$$0000001B)
    __rt_lib_init_clock_1                    0x001001ef   Thumb Code     0  libinit2.o(.ARM.Collect$$libinit$$00000021)
    __rt_lib_init_cpp_1                      0x001001ef   Thumb Code     0  libinit2.o(.ARM.Collect$$libinit$$00000032)
    __rt_lib_init_exceptions_1               0x001001ef   Thumb Code     0  libinit2.o(.ARM.Collect$$libinit$$00000030)
    __rt_lib_init_fp_1                       0x001001ef   Thumb Code     0  libinit2.o(.ARM.Collect$$libinit$$00000002)
    __rt_lib_init_fp_trap_1                  0x001001ef   Thumb Code     0  libinit2.o(.ARM.Collect$$libinit$$0000001F)
    __rt_lib_init_getenv_1                   0x001001ef   Thumb Code     0  libinit2.o(.ARM.Collect$$libinit$$00000023)
    __rt_lib_init_heap_1                     0x001001ef   Thumb Code     0  libinit2.o(.ARM.Collect$$libinit$$0000000A)
    __rt_lib_init_lc_collate_1               0x001001ef   Thumb Code     0  libinit2.o(.ARM.Collect$$libinit$$00000011)
    __rt_lib_init_lc_ctype_1                 0x001001ef   Thumb Code     0  libinit2.o(.ARM.Collect$$libinit$$00000013)
    __rt_lib_init_lc_monetary_1              0x001001ef   Thumb Code     0  libinit2.o(.ARM.Collect$$libinit$$00000015)
    __rt_lib_init_lc_numeric_1               0x001001ef   Thumb Code     0  libinit2.o(.ARM.Collect$$libinit$$00000017)
    __rt_lib_init_lc_time_1                  0x001001ef   Thumb Code     0  libinit2.o(.ARM.Collect$$libinit$$00000019)
    __rt_lib_init_preinit_1                  0x001001ef   Thumb Code     0  libinit2.o(.ARM.Collect$$libinit$$00000004)
    __rt_lib_init_rand_1                     0x001001ef   Thumb Code     0  libinit2.o(.ARM.Collect$$libinit$$0000000E)
    __rt_lib_init_return                     0x001001ef   Thumb Code     0  libinit2.o(.ARM.Collect$$libinit$$00000033)
    __rt_lib_init_signal_1                   0x001001ef   Thumb Code     0  libinit2.o(.ARM.Collect$$libinit$$0000001D)
    __rt_lib_init_stdio_1                    0x001001ef   Thumb Code     0  libinit2.o(.ARM.Collect$$libinit$$00000025)
    __rt_lib_init_user_alloc_1               0x001001ef   Thumb Code     0  libinit2.o(.ARM.Collect$$libinit$$0000000C)
    Inline ARM to Thumb Veneer to __rt_lib_shutdown 0x001001fc   ARM Code       8  libshutdown.o(.ARM.Collect$$libshutdown$$00000000)
    __rt_lib_shutdown                        0x00100205   Thumb Code     0  libshutdown.o(.ARM.Collect$$libshutdown$$00000000)
    __rt_lib_shutdown_cpp_1                  0x00100209   Thumb Code     0  libshutdown2.o(.ARM.Collect$$libshutdown$$00000002)
    __rt_lib_shutdown_fp_trap_1              0x00100209   Thumb Code     0  libshutdown2.o(.ARM.Collect$$libshutdown$$00000007)
    __rt_lib_shutdown_heap_1                 0x00100209   Thumb Code     0  libshutdown2.o(.ARM.Collect$$libshutdown$$0000000F)
    __rt_lib_shutdown_return                 0x00100209   Thumb Code     0  libshutdown2.o(.ARM.Collect$$libshutdown$$00000010)
    __rt_lib_shutdown_signal_1               0x00100209   Thumb Code     0  libshutdown2.o(.ARM.Collect$$libshutdown$$0000000A)
    __rt_lib_shutdown_stdio_1                0x00100209   Thumb Code     0  libshutdown2.o(.ARM.Collect$$libshutdown$$00000004)
    __rt_lib_shutdown_user_alloc_1           0x00100209   Thumb Code     0  libshutdown2.o(.ARM.Collect$$libshutdown$$0000000C)
    __rt_entry                               0x00100210   ARM Code       0  __rtentry.o(.ARM.Collect$$rtentry$$00000000)
    __rt_entry_presh_1                       0x00100210   ARM Code       0  __rtentry2.o(.ARM.Collect$$rtentry$$00000002)
    __rt_entry_sh                            0x00100210   ARM Code       0  __rtentry4.o(.ARM.Collect$$rtentry$$00000004)
    __rt_entry_li                            0x00100218   ARM Code       0  __rtentry2.o(.ARM.Collect$$rtentry$$0000000A)
    __rt_entry_postsh_1                      0x00100218   ARM Code       0  __rtentry2.o(.ARM.Collect$$rtentry$$00000009)
    __rt_entry_main                          0x0010021c   ARM Code       0  __rtentry2.o(.ARM.Collect$$rtentry$$0000000D)
    __rt_entry_postli_1                      0x0010021c   ARM Code       0  __rtentry2.o(.ARM.Collect$$rtentry$$0000000C)
    Inline Thumb to ARM Veneer to __rt_exit  0x00100245   Thumb Code     4  rtexit.o(.ARM.Collect$$rtexit$$00000000)
    __rt_exit                                0x00100248   ARM Code       0  rtexit.o(.ARM.Collect$$rtexit$$00000000)
    __rt_exit_ls                             0x0010024c   ARM Code       0  rtexit2.o(.ARM.Collect$$rtexit$$00000003)
    __rt_exit_prels_1                        0x0010024c   ARM Code       0  rtexit2.o(.ARM.Collect$$rtexit$$00000002)
    __rt_exit_exit                           0x00100250   ARM Code       0  rtexit2.o(.ARM.Collect$$rtexit$$00000004)
    __user_initial_stackheap                 0x00100258   ARM Code       0  sam7.o(.text)
    __use_two_region_memory                  0x00100279   Thumb Code     2  heapauxi.o(.text)
    __rt_heap_escrow$2region                 0x0010027b   Thumb Code     2  heapauxi.o(.text)
    __rt_heap_expand$2region                 0x0010027d   Thumb Code     2  heapauxi.o(.text)
    __user_setup_stackheap                   0x00100280   ARM Code      96  sys_stackheap_outer.o(.text)
    exit                                     0x001002e1   Thumb Code    20  exit.o(.text)
    __user_libspace                          0x001002f4   ARM Code      12  libspace.o(.text)
    __user_perproc_libspace                  0x001002f4   ARM Code       0  libspace.o(.text)
    __user_perthread_libspace                0x001002f4   ARM Code       0  libspace.o(.text)
    Inline ARM to Thumb Veneer to _sys_exit  0x00100300   ARM Code       8  sys_exit.o(.text)
    _sys_exit                                0x00100309   Thumb Code     8  sys_exit.o(.text)
    __I$use$semihosting                      0x00100314   ARM Code       0  use_no_semi.o(.text)
    __use_no_semihosting_swi                 0x00100314   ARM Code       4  use_no_semi.o(.text)
    IRQ_Handler_ADC                          0x00100318   ARM Code      24  asyncron putchar and getchar.o(i.IRQ_Handler_ADC)
    __semihosting_library_function           0x00100318   ARM Code       0  indicate_semi.o(.text)
    IRQ_Handler_sys                          0x00100334   ARM Code     296  asyncron putchar and getchar.o(i.IRQ_Handler_sys)
    addCharacter                             0x00100474   ARM Code      92  asyncron putchar and getchar.o(i.addCharacter)
    delay0                                   0x001004d8   ARM Code      48  asyncron putchar and getchar.o(i.delay0)
    delay1                                   0x0010050c   ARM Code      44  asyncron putchar and getchar.o(i.delay1)
    get_char                                 0x00100538   ARM Code      48  asyncron putchar and getchar.o(i.get_char)
    hasRecived                               0x0010056c   ARM Code      40  asyncron putchar and getchar.o(i.hasRecived)
    keyBoard                                 0x00100598   ARM Code     596  asyncron putchar and getchar.o(i.keyBoard)
    main                                     0x001007f8   ARM Code     232  asyncron putchar and getchar.o(i.main)
    putString                                0x00100908   ARM Code      48  asyncron putchar and getchar.o(i.putString)
    put_char                                 0x00100938   ARM Code      40  asyncron putchar and getchar.o(i.put_char)
    setup                                    0x00100964   ARM Code     504  asyncron putchar and getchar.o(i.setup)
    Region$$Table$$Base                      0x00100b90   Number         0  anon$$obj.o(Region$$Table)
    Region$$Table$$Limit                     0x00100bb0   Number         0  anon$$obj.o(Region$$Table)
    kk                                       0x00200000   Data           4  asyncron putchar and getchar.o(.data)
    bb                                       0x00200004   Data           4  asyncron putchar and getchar.o(.data)
    aa                                       0x00200008   Data           4  asyncron putchar and getchar.o(.data)
    TC_CCR                                   0x0020000c   Data           4  asyncron putchar and getchar.o(.data)
    TC_CMR                                   0x00200010   Data           4  asyncron putchar and getchar.o(.data)
    TC_RA                                    0x00200014   Data           4  asyncron putchar and getchar.o(.data)
    TC_RC                                    0x00200018   Data           4  asyncron putchar and getchar.o(.data)
    TC_SR                                    0x0020001c   Data           4  asyncron putchar and getchar.o(.data)
    TC_BCR                                   0x00200020   Data           4  asyncron putchar and getchar.o(.data)
    TC_CV                                    0x00200024   Data           4  asyncron putchar and getchar.o(.data)
    AIC_ICCR                                 0x00200028   Data           4  asyncron putchar and getchar.o(.data)
    AIC_EOICR                                0x0020002c   Data           4  asyncron putchar and getchar.o(.data)
    ADC_CR                                   0x00200030   Data           4  asyncron putchar and getchar.o(.data)
    ADC_CDR0                                 0x00200034   Data           4  asyncron putchar and getchar.o(.data)
    ADC_SR                                   0x00200038   Data           4  asyncron putchar and getchar.o(.data)
    ADC_LCDR                                 0x0020003c   Data           4  asyncron putchar and getchar.o(.data)
    ADC_MR                                   0x00200040   Data           4  asyncron putchar and getchar.o(.data)
    k                                        0x00200044   Data           4  asyncron putchar and getchar.o(.data)
    writeCounter                             0x00200048   Data           4  asyncron putchar and getchar.o(.data)
    readCounter                              0x0020004c   Data           4  asyncron putchar and getchar.o(.data)
    writeCounter2                            0x00200050   Data           4  asyncron putchar and getchar.o(.data)
    readCounter2                             0x00200054   Data           4  asyncron putchar and getchar.o(.data)
    Buffer_int                               0x0020005c   Data         100  asyncron putchar and getchar.o(.bss)
    Buffer_int2                              0x002000c0   Data         100  asyncron putchar and getchar.o(.bss)
    __libspace_start                         0x00200158   Data          96  libspace.o(.bss)
    __temporary_stack_top$libspace           0x002001b8   Data           0  libspace.o(.bss)



==============================================================================

Memory Map of the image

  Image Entry point : 0x0010014c

  Load Region LR_IROM1 (Base: 0x00100000, Size: 0x00000c0c, Max: 0x00010000, ABSOLUTE)

    Execution Region ER_IROM1 (Base: 0x00100000, Size: 0x00000bb0, Max: 0x00010000, ABSOLUTE)

    Base Addr    Size         Type   Attr      Idx    E Section Name        Object

    0x00100000   0x0000014c   Code   RO            3    RESET               sam7.o
    0x0010014c   0x00000008   Code   RO          159  * !!!main             c_t.l(__main.o)
    0x00100154   0x0000003c   Code   RO          328    !!!scatter          c_t.l(__scatter.o)
    0x00100190   0x00000028   Code   RO          330    !!handler_copy      c_t.l(__scatter_copy.o)
    0x001001b8   0x0000002c   Code   RO          332    !!handler_zi        c_t.l(__scatter_zi.o)
    0x001001e4   0x00000008   Ven    RO          196    .ARM.Collect$$libinit$$00000000  c_t.l(libinit.o)
    0x001001ec   0x00000002   Code   RO          196    .ARM.Collect$$libinit$$00000000  c_t.l(libinit.o)
    0x001001ee   0x00000000   Code   RO          209    .ARM.Collect$$libinit$$00000002  c_t.l(libinit2.o)
    0x001001ee   0x00000000   Code   RO          211    .ARM.Collect$$libinit$$00000004  c_t.l(libinit2.o)
    0x001001ee   0x00000000   Code   RO          214    .ARM.Collect$$libinit$$0000000A  c_t.l(libinit2.o)
    0x001001ee   0x00000000   Code   RO          216    .ARM.Collect$$libinit$$0000000C  c_t.l(libinit2.o)
    0x001001ee   0x00000000   Code   RO          218    .ARM.Collect$$libinit$$0000000E  c_t.l(libinit2.o)
    0x001001ee   0x00000000   Code   RO          221    .ARM.Collect$$libinit$$00000011  c_t.l(libinit2.o)
    0x001001ee   0x00000000   Code   RO          223    .ARM.Collect$$libinit$$00000013  c_t.l(libinit2.o)
    0x001001ee   0x00000000   Code   RO          225    .ARM.Collect$$libinit$$00000015  c_t.l(libinit2.o)
    0x001001ee   0x00000000   Code   RO          227    .ARM.Collect$$libinit$$00000017  c_t.l(libinit2.o)
    0x001001ee   0x00000000   Code   RO          229    .ARM.Collect$$libinit$$00000019  c_t.l(libinit2.o)
    0x001001ee   0x00000000   Code   RO          231    .ARM.Collect$$libinit$$0000001B  c_t.l(libinit2.o)
    0x001001ee   0x00000000   Code   RO          233    .ARM.Collect$$libinit$$0000001D  c_t.l(libinit2.o)
    0x001001ee   0x00000000   Code   RO          235    .ARM.Collect$$libinit$$0000001F  c_t.l(libinit2.o)
    0x001001ee   0x00000000   Code   RO          237    .ARM.Collect$$libinit$$00000021  c_t.l(libinit2.o)
    0x001001ee   0x00000000   Code   RO          239    .ARM.Collect$$libinit$$00000023  c_t.l(libinit2.o)
    0x001001ee   0x00000000   Code   RO          241    .ARM.Collect$$libinit$$00000025  c_t.l(libinit2.o)
    0x001001ee   0x00000000   Code   RO          245    .ARM.Collect$$libinit$$0000002C  c_t.l(libinit2.o)
    0x001001ee   0x00000000   Code   RO          247    .ARM.Collect$$libinit$$0000002E  c_t.l(libinit2.o)
    0x001001ee   0x00000000   Code   RO          249    .ARM.Collect$$libinit$$00000030  c_t.l(libinit2.o)
    0x001001ee   0x00000000   Code   RO          251    .ARM.Collect$$libinit$$00000032  c_t.l(libinit2.o)
    0x001001ee   0x0000000c   Code   RO          252    .ARM.Collect$$libinit$$00000033  c_t.l(libinit2.o)
    0x001001fa   0x00000002   PAD
    0x001001fc   0x00000008   Ven    RO          285    .ARM.Collect$$libshutdown$$00000000  c_t.l(libshutdown.o)
    0x00100204   0x00000004   Code   RO          285    .ARM.Collect$$libshutdown$$00000000  c_t.l(libshutdown.o)
    0x00100208   0x00000000   Code   RO          311    .ARM.Collect$$libshutdown$$00000002  c_t.l(libshutdown2.o)
    0x00100208   0x00000000   Code   RO          313    .ARM.Collect$$libshutdown$$00000004  c_t.l(libshutdown2.o)
    0x00100208   0x00000000   Code   RO          316    .ARM.Collect$$libshutdown$$00000007  c_t.l(libshutdown2.o)
    0x00100208   0x00000000   Code   RO          319    .ARM.Collect$$libshutdown$$0000000A  c_t.l(libshutdown2.o)
    0x00100208   0x00000000   Code   RO          321    .ARM.Collect$$libshutdown$$0000000C  c_t.l(libshutdown2.o)
    0x00100208   0x00000000   Code   RO          324    .ARM.Collect$$libshutdown$$0000000F  c_t.l(libshutdown2.o)
    0x00100208   0x00000006   Code   RO          325    .ARM.Collect$$libshutdown$$00000010  c_t.l(libshutdown2.o)
    0x0010020e   0x00000002   PAD
    0x00100210   0x00000000   Code   RO          161    .ARM.Collect$$rtentry$$00000000  c_t.l(__rtentry.o)
    0x00100210   0x00000000   Code   RO          167    .ARM.Collect$$rtentry$$00000002  c_t.l(__rtentry2.o)
    0x00100210   0x00000008   Code   RO          179    .ARM.Collect$$rtentry$$00000004  c_t.l(__rtentry4.o)
    0x00100218   0x00000000   Code   RO          169    .ARM.Collect$$rtentry$$00000009  c_t.l(__rtentry2.o)
    0x00100218   0x00000004   Code   RO          170    .ARM.Collect$$rtentry$$0000000A  c_t.l(__rtentry2.o)
    0x0010021c   0x00000000   Code   RO          172    .ARM.Collect$$rtentry$$0000000C  c_t.l(__rtentry2.o)
    0x0010021c   0x00000028   Code   RO          173    .ARM.Collect$$rtentry$$0000000D  c_t.l(__rtentry2.o)
    0x00100244   0x00000004   Ven    RO          200    .ARM.Collect$$rtexit$$00000000  c_t.l(rtexit.o)
    0x00100248   0x00000004   Code   RO          200    .ARM.Collect$$rtexit$$00000000  c_t.l(rtexit.o)
    0x0010024c   0x00000000   Code   RO          256    .ARM.Collect$$rtexit$$00000002  c_t.l(rtexit2.o)
    0x0010024c   0x00000004   Code   RO          257    .ARM.Collect$$rtexit$$00000003  c_t.l(rtexit2.o)
    0x00100250   0x00000008   Code   RO          258    .ARM.Collect$$rtexit$$00000004  c_t.l(rtexit2.o)
    0x00100258   0x00000020   Code   RO            4    .text               sam7.o
    0x00100278   0x00000006   Code   RO          157    .text               c_t.l(heapauxi.o)
    0x0010027e   0x00000002   PAD
    0x00100280   0x00000060   Code   RO          183    .text               c_t.l(sys_stackheap_outer.o)
    0x001002e0   0x00000014   Code   RO          185    .text               c_t.l(exit.o)
    0x001002f4   0x0000000c   Code   RO          197    .text               c_t.l(libspace.o)
    0x00100300   0x00000008   Ven    RO          253    .text               c_t.l(sys_exit.o)
    0x00100308   0x0000000c   Code   RO          253    .text               c_t.l(sys_exit.o)
    0x00100314   0x00000004   Code   RO          274    .text               c_t.l(use_no_semi.o)
    0x00100318   0x00000000   Code   RO          276    .text               c_t.l(indicate_semi.o)
    0x00100318   0x0000001c   Code   RO           12    i.IRQ_Handler_ADC   asyncron putchar and getchar.o
    0x00100334   0x00000140   Code   RO           13    i.IRQ_Handler_sys   asyncron putchar and getchar.o
    0x00100474   0x00000064   Code   RO           14    i.addCharacter      asyncron putchar and getchar.o
    0x001004d8   0x00000034   Code   RO           16    i.delay0            asyncron putchar and getchar.o
    0x0010050c   0x0000002c   Code   RO           17    i.delay1            asyncron putchar and getchar.o
    0x00100538   0x00000034   Code   RO           18    i.get_char          asyncron putchar and getchar.o
    0x0010056c   0x0000002c   Code   RO           20    i.hasRecived        asyncron putchar and getchar.o
    0x00100598   0x00000260   Code   RO           22    i.keyBoard          asyncron putchar and getchar.o
    0x001007f8   0x00000110   Code   RO           23    i.main              asyncron putchar and getchar.o
    0x00100908   0x00000030   Code   RO           24    i.putString         asyncron putchar and getchar.o
    0x00100938   0x0000002c   Code   RO           25    i.put_char          asyncron putchar and getchar.o
    0x00100964   0x0000021c   Code   RO           27    i.setup             asyncron putchar and getchar.o
    0x00100b80   0x00000010   Data   RO           29    .constdata          asyncron putchar and getchar.o
    0x00100b90   0x00000020   Data   RO          326    Region$$Table       anon$$obj.o


    Execution Region RW_IRAM1 (Base: 0x00200000, Size: 0x00000640, Max: 0x00004000, ABSOLUTE)

    Base Addr    Size         Type   Attr      Idx    E Section Name        Object

    0x00200000   0x0000005c   Data   RW           30    .data               asyncron putchar and getchar.o
    0x0020005c   0x000000fa   Zero   RW           28    .bss                asyncron putchar and getchar.o
    0x00200156   0x00000002   PAD
    0x00200158   0x00000060   Zero   RW          198    .bss                c_t.l(libspace.o)
    0x002001b8   0x00000000   Zero   RW            2    HEAP                sam7.o
    0x002001b8   0x00000488   Zero   RW            1    STACK               sam7.o


==============================================================================

Image component sizes


      Code (inc. data)   RO Data    RW Data    ZI Data      Debug   Object Name

      2152        140         16         92        250      11957   asyncron putchar and getchar.o
       364         80          0          0       1160        540   sam7.o

    ----------------------------------------------------------------------
      2516        220         48         92       1412      12497   Object Totals
         0          0         32          0          0          0   (incl. Generated)
         0          0          0          0          2          0   (incl. Padding)

    ----------------------------------------------------------------------

      Code (inc. data)   RO Data    RW Data    ZI Data      Debug   Library Member Name

         8          0          0          0          0         68   __main.o
         0          0          0          0          0          0   __rtentry.o
        44          4          0          0          0          0   __rtentry2.o
         8          0          0          0          0          0   __rtentry4.o
        60          8          0          0          0          0   __scatter.o
        40          0          0          0          0          0   __scatter_copy.o
        44          0          0          0          0          0   __scatter_zi.o
        20          0          0          0          0         80   exit.o
         6          0          0          0          0        136   heapauxi.o
         0          0          0          0          0          0   indicate_semi.o
        10          0          0          0          0          0   libinit.o
        12          0          0          0          0          0   libinit2.o
        12          0          0          0          0          0   libshutdown.o
         6          0          0          0          0          0   libshutdown2.o
        12          4          0          0         96         68   libspace.o
         8          0          0          0          0          0   rtexit.o
        12          0          0          0          0          0   rtexit2.o
        20          4          0          0          0         60   sys_exit.o
        96          0          0          0          0         80   sys_stackheap_outer.o
         4          0          0          0          0         68   use_no_semi.o

    ----------------------------------------------------------------------
       428         20          0          0         96        560   Library Totals
         6          0          0          0          0          0   (incl. Padding)

    ----------------------------------------------------------------------

      Code (inc. data)   RO Data    RW Data    ZI Data      Debug   Library Name

       422         20          0          0         96        560   c_t.l

    ----------------------------------------------------------------------
       428         20          0          0         96        560   Library Totals

    ----------------------------------------------------------------------

==============================================================================


      Code (inc. data)   RO Data    RW Data    ZI Data      Debug   

      2944        240         48         92       1508      12549   Grand Totals
      2944        240         48         92       1508      12549   ELF Image Totals
      2944        240         48         92          0          0   ROM Totals

==============================================================================

    Total RO  Size (Code + RO Data)                 2992 (   2.92kB)
    Total RW  Size (RW Data + ZI Data)              1600 (   1.56kB)
    Total ROM Size (Code + RO Data + RW Data)       3084 (   3.01kB)

==============================================================================

